Archive member included to satisfy reference by file (symbol)

/Applications/STM32CubeIDE.app/Contents/Eclipse/plugins/com.st.stm32cube.ide.mcu.externaltools.gnu-tools-for-stm32.9-2020-q2-update.macos64_2.0.0.202105311346/tools/bin/../lib/gcc/arm-none-eabi/9.3.1/../../../../arm-none-eabi/lib/thumb/v7e-m+fp/hard/libc_nano.a(lib_a-errno.o)
                              ./Core/Src/syscalls.o (__errno)
/Applications/STM32CubeIDE.app/Contents/Eclipse/plugins/com.st.stm32cube.ide.mcu.externaltools.gnu-tools-for-stm32.9-2020-q2-update.macos64_2.0.0.202105311346/tools/bin/../lib/gcc/arm-none-eabi/9.3.1/../../../../arm-none-eabi/lib/thumb/v7e-m+fp/hard/libc_nano.a(lib_a-exit.o)
                              /Applications/STM32CubeIDE.app/Contents/Eclipse/plugins/com.st.stm32cube.ide.mcu.externaltools.gnu-tools-for-stm32.9-2020-q2-update.macos64_2.0.0.202105311346/tools/bin/../lib/gcc/arm-none-eabi/9.3.1/../../../../arm-none-eabi/lib/thumb/v7e-m+fp/hard/crt0.o (exit)
/Applications/STM32CubeIDE.app/Contents/Eclipse/plugins/com.st.stm32cube.ide.mcu.externaltools.gnu-tools-for-stm32.9-2020-q2-update.macos64_2.0.0.202105311346/tools/bin/../lib/gcc/arm-none-eabi/9.3.1/../../../../arm-none-eabi/lib/thumb/v7e-m+fp/hard/libc_nano.a(lib_a-findfp.o)
                              ./Middlewares/Third_Party/FreeRTOS/Source/tasks.o (__sf_fake_stderr)
/Applications/STM32CubeIDE.app/Contents/Eclipse/plugins/com.st.stm32cube.ide.mcu.externaltools.gnu-tools-for-stm32.9-2020-q2-update.macos64_2.0.0.202105311346/tools/bin/../lib/gcc/arm-none-eabi/9.3.1/../../../../arm-none-eabi/lib/thumb/v7e-m+fp/hard/libc_nano.a(lib_a-fwalk.o)
                              /Applications/STM32CubeIDE.app/Contents/Eclipse/plugins/com.st.stm32cube.ide.mcu.externaltools.gnu-tools-for-stm32.9-2020-q2-update.macos64_2.0.0.202105311346/tools/bin/../lib/gcc/arm-none-eabi/9.3.1/../../../../arm-none-eabi/lib/thumb/v7e-m+fp/hard/libc_nano.a(lib_a-findfp.o) (_fwalk)
/Applications/STM32CubeIDE.app/Contents/Eclipse/plugins/com.st.stm32cube.ide.mcu.externaltools.gnu-tools-for-stm32.9-2020-q2-update.macos64_2.0.0.202105311346/tools/bin/../lib/gcc/arm-none-eabi/9.3.1/../../../../arm-none-eabi/lib/thumb/v7e-m+fp/hard/libc_nano.a(lib_a-impure.o)
                              /Applications/STM32CubeIDE.app/Contents/Eclipse/plugins/com.st.stm32cube.ide.mcu.externaltools.gnu-tools-for-stm32.9-2020-q2-update.macos64_2.0.0.202105311346/tools/bin/../lib/gcc/arm-none-eabi/9.3.1/../../../../arm-none-eabi/lib/thumb/v7e-m+fp/hard/libc_nano.a(lib_a-exit.o) (_global_impure_ptr)
/Applications/STM32CubeIDE.app/Contents/Eclipse/plugins/com.st.stm32cube.ide.mcu.externaltools.gnu-tools-for-stm32.9-2020-q2-update.macos64_2.0.0.202105311346/tools/bin/../lib/gcc/arm-none-eabi/9.3.1/../../../../arm-none-eabi/lib/thumb/v7e-m+fp/hard/libc_nano.a(lib_a-init.o)
                              /Applications/STM32CubeIDE.app/Contents/Eclipse/plugins/com.st.stm32cube.ide.mcu.externaltools.gnu-tools-for-stm32.9-2020-q2-update.macos64_2.0.0.202105311346/tools/bin/../lib/gcc/arm-none-eabi/9.3.1/../../../../arm-none-eabi/lib/thumb/v7e-m+fp/hard/crt0.o (__libc_init_array)
/Applications/STM32CubeIDE.app/Contents/Eclipse/plugins/com.st.stm32cube.ide.mcu.externaltools.gnu-tools-for-stm32.9-2020-q2-update.macos64_2.0.0.202105311346/tools/bin/../lib/gcc/arm-none-eabi/9.3.1/../../../../arm-none-eabi/lib/thumb/v7e-m+fp/hard/libc_nano.a(lib_a-lock.o)
                              /Applications/STM32CubeIDE.app/Contents/Eclipse/plugins/com.st.stm32cube.ide.mcu.externaltools.gnu-tools-for-stm32.9-2020-q2-update.macos64_2.0.0.202105311346/tools/bin/../lib/gcc/arm-none-eabi/9.3.1/../../../../arm-none-eabi/lib/thumb/v7e-m+fp/hard/libc_nano.a(lib_a-findfp.o) (__retarget_lock_init_recursive)
/Applications/STM32CubeIDE.app/Contents/Eclipse/plugins/com.st.stm32cube.ide.mcu.externaltools.gnu-tools-for-stm32.9-2020-q2-update.macos64_2.0.0.202105311346/tools/bin/../lib/gcc/arm-none-eabi/9.3.1/../../../../arm-none-eabi/lib/thumb/v7e-m+fp/hard/libc_nano.a(lib_a-memcpy-stub.o)
                              ./Middlewares/Third_Party/FreeRTOS/Source/queue.o (memcpy)
/Applications/STM32CubeIDE.app/Contents/Eclipse/plugins/com.st.stm32cube.ide.mcu.externaltools.gnu-tools-for-stm32.9-2020-q2-update.macos64_2.0.0.202105311346/tools/bin/../lib/gcc/arm-none-eabi/9.3.1/../../../../arm-none-eabi/lib/thumb/v7e-m+fp/hard/libc_nano.a(lib_a-memset.o)
                              /Applications/STM32CubeIDE.app/Contents/Eclipse/plugins/com.st.stm32cube.ide.mcu.externaltools.gnu-tools-for-stm32.9-2020-q2-update.macos64_2.0.0.202105311346/tools/bin/../lib/gcc/arm-none-eabi/9.3.1/../../../../arm-none-eabi/lib/thumb/v7e-m+fp/hard/crt0.o (memset)
/Applications/STM32CubeIDE.app/Contents/Eclipse/plugins/com.st.stm32cube.ide.mcu.externaltools.gnu-tools-for-stm32.9-2020-q2-update.macos64_2.0.0.202105311346/tools/bin/../lib/gcc/arm-none-eabi/9.3.1/../../../../arm-none-eabi/lib/thumb/v7e-m+fp/hard/libc_nano.a(lib_a-nano-mallocr.o)
[...]
Memory Configuration

Name             Origin             Length             Attributes
RAM              0x0000000020000000 0x0000000000018000 xrw
RAM2             0x0000000010000000 0x0000000000008000 xrw
FLASH            0x0000000008000000 0x0000000000100000 xr
*default*        0x0000000000000000 0xffffffffffffffff

Linker script and memory map

LOAD /Applications/STM32CubeIDE.app/Contents/Eclipse/plugins/com.st.stm32cube.ide.mcu.externaltools.gnu-tools-for-stm32.9-2020-q2-update.macos64_2.0.0.202105311346/tools/bin/../lib/gcc/arm-none-eabi/9.3.1/thumb/v7e-m+fp/hard/crti.o
LOAD /Applications/STM32CubeIDE.app/Contents/Eclipse/plugins/com.st.stm32cube.ide.mcu.externaltools.gnu-tools-for-stm32.9-2020-q2-update.macos64_2.0.0.202105311346/tools/bin/../lib/gcc/arm-none-eabi/9.3.1/thumb/v7e-m+fp/hard/crtbegin.o
LOAD /Applications/STM32CubeIDE.app/Contents/Eclipse/plugins/com.st.stm32cube.ide.mcu.externaltools.gnu-tools-for-stm32.9-2020-q2-update.macos64_2.0.0.202105311346/tools/bin/../lib/gcc/arm-none-eabi/9.3.1/../../../../arm-none-eabi/lib/thumb/v7e-m+fp/hard/crt0.o
LOAD ./Core/Src/freertos.o
LOAD ./Core/Src/main.o
LOAD ./Core/Src/stm32l4xx_hal_msp.o
LOAD ./Core/Src/stm32l4xx_hal_timebase_tim.o
LOAD ./Core/Src/stm32l4xx_it.o
LOAD ./Core/Src/syscalls.o
LOAD ./Core/Src/sysmem.o
LOAD ./Core/Src/system_stm32l4xx.o
LOAD ./Core/Startup/startup_stm32l476rgtx.o
LOAD ./Drivers/STM32L4xx_HAL_Driver/Src/stm32l4xx_hal.o
LOAD ./Drivers/STM32L4xx_HAL_Driver/Src/stm32l4xx_hal_adc.o
LOAD ./Drivers/STM32L4xx_HAL_Driver/Src/stm32l4xx_hal_adc_ex.o
LOAD ./Drivers/STM32L4xx_HAL_Driver/Src/stm32l4xx_hal_cortex.o
LOAD ./Drivers/STM32L4xx_HAL_Driver/Src/stm32l4xx_hal_dma.o
LOAD ./Drivers/STM32L4xx_HAL_Driver/Src/stm32l4xx_hal_dma_ex.o
LOAD ./Drivers/STM32L4xx_HAL_Driver/Src/stm32l4xx_hal_exti.o
LOAD ./Drivers/STM32L4xx_HAL_Driver/Src/stm32l4xx_hal_flash.o
LOAD ./Drivers/STM32L4xx_HAL_Driver/Src/stm32l4xx_hal_flash_ex.o
LOAD ./Drivers/STM32L4xx_HAL_Driver/Src/stm32l4xx_hal_flash_ramfunc.o
LOAD ./Drivers/STM32L4xx_HAL_Driver/Src/stm32l4xx_hal_gpio.o
LOAD ./Drivers/STM32L4xx_HAL_Driver/Src/stm32l4xx_hal_i2c.o
LOAD ./Drivers/STM32L4xx_HAL_Driver/Src/stm32l4xx_hal_i2c_ex.o
LOAD ./Drivers/STM32L4xx_HAL_Driver/Src/stm32l4xx_hal_pwr.o
LOAD ./Drivers/STM32L4xx_HAL_Driver/Src/stm32l4xx_hal_pwr_ex.o
LOAD ./Drivers/STM32L4xx_HAL_Driver/Src/stm32l4xx_hal_rcc.o
LOAD ./Drivers/STM32L4xx_HAL_Driver/Src/stm32l4xx_hal_rcc_ex.o
LOAD ./Drivers/STM32L4xx_HAL_Driver/Src/stm32l4xx_hal_tim.o
LOAD ./Drivers/STM32L4xx_HAL_Driver/Src/stm32l4xx_hal_tim_ex.o
LOAD ./Drivers/STM32L4xx_HAL_Driver/Src/stm32l4xx_ll_dma.o
LOAD ./Drivers/STM32L4xx_HAL_Driver/Src/stm32l4xx_ll_exti.o
LOAD ./Drivers/STM32L4xx_HAL_Driver/Src/stm32l4xx_ll_gpio.o
LOAD ./Drivers/STM32L4xx_HAL_Driver/Src/stm32l4xx_ll_rcc.o
LOAD ./Drivers/STM32L4xx_HAL_Driver/Src/stm32l4xx_ll_usart.o
LOAD ./Drivers/STM32L4xx_HAL_Driver/Src/stm32l4xx_ll_utils.o
LOAD ./Middlewares/Third_Party/FreeRTOS/Source/CMSIS_RTOS/cmsis_os.o
LOAD ./Middlewares/Third_Party/FreeRTOS/Source/croutine.o
LOAD ./Middlewares/Third_Party/FreeRTOS/Source/event_groups.o
LOAD ./Middlewares/Third_Party/FreeRTOS/Source/list.o
LOAD ./Middlewares/Third_Party/FreeRTOS/Source/queue.o
LOAD ./Middlewares/Third_Party/FreeRTOS/Source/stream_buffer.o
LOAD ./Middlewares/Third_Party/FreeRTOS/Source/tasks.o
LOAD ./Middlewares/Third_Party/FreeRTOS/Source/timers.o
LOAD ./Middlewares/Third_Party/FreeRTOS/Source/portable/GCC/ARM_CM4F/port.o
LOAD ./Middlewares/Third_Party/FreeRTOS/Source/portable/MemMang/heap_4.o
START GROUP
LOAD /Applications/STM32CubeIDE.app/Contents/Eclipse/plugins/com.st.stm32cube.ide.mcu.externaltools.gnu-tools-for-stm32.9-2020-q2-update.macos64_2.0.0.202105311346/tools/bin/../lib/gcc/arm-none-eabi/9.3.1/../../../../arm-none-eabi/lib/thumb/v7e-m+fp/hard/libc_nano.a
LOAD /Applications/STM32CubeIDE.app/Contents/Eclipse/plugins/com.st.stm32cube.ide.mcu.externaltools.gnu-tools-for-stm32.9-2020-q2-update.macos64_2.0.0.202105311346/tools/bin/../lib/gcc/arm-none-eabi/9.3.1/../../../../arm-none-eabi/lib/thumb/v7e-m+fp/hard/libm.a
END GROUP
START GROUP
LOAD /Applications/STM32CubeIDE.app/Contents/Eclipse/plugins/com.st.stm32cube.ide.mcu.externaltools.gnu-tools-for-stm32.9-2020-q2-update.macos64_2.0.0.202105311346/tools/bin/../lib/gcc/arm-none-eabi/9.3.1/thumb/v7e-m+fp/hard/libgcc.a
LOAD /Applications/STM32CubeIDE.app/Contents/Eclipse/plugins/com.st.stm32cube.ide.mcu.externaltools.gnu-tools-for-stm32.9-2020-q2-update.macos64_2.0.0.202105311346/tools/bin/../lib/gcc/arm-none-eabi/9.3.1/../../../../arm-none-eabi/lib/thumb/v7e-m+fp/hard/libc_nano.a
END GROUP
START GROUP
LOAD /Applications/STM32CubeIDE.app/Contents/Eclipse/plugins/com.st.stm32cube.ide.mcu.externaltools.gnu-tools-for-stm32.9-2020-q2-update.macos64_2.0.0.202105311346/tools/bin/../lib/gcc/arm-none-eabi/9.3.1/thumb/v7e-m+fp/hard/libgcc.a
LOAD /Applications/STM32CubeIDE.app/Contents/Eclipse/plugins/com.st.stm32cube.ide.mcu.externaltools.gnu-tools-for-stm32.9-2020-q2-update.macos64_2.0.0.202105311346/tools/bin/../lib/gcc/arm-none-eabi/9.3.1/../../../../arm-none-eabi/lib/thumb/v7e-m+fp/hard/libc_nano.a
LOAD /Applications/STM32CubeIDE.app/Contents/Eclipse/plugins/com.st.stm32cube.ide.mcu.externaltools.gnu-tools-for-stm32.9-2020-q2-update.macos64_2.0.0.202105311346/tools/bin/../lib/gcc/arm-none-eabi/9.3.1/../../../../arm-none-eabi/lib/thumb/v7e-m+fp/hard/libnosys.a
END GROUP
START GROUP
LOAD /Applications/STM32CubeIDE.app/Contents/Eclipse/plugins/com.st.stm32cube.ide.mcu.externaltools.gnu-tools-for-stm32.9-2020-q2-update.macos64_2.0.0.202105311346/tools/bin/../lib/gcc/arm-none-eabi/9.3.1/thumb/v7e-m+fp/hard/libgcc.a
LOAD /Applications/STM32CubeIDE.app/Contents/Eclipse/plugins/com.st.stm32cube.ide.mcu.externaltools.gnu-tools-for-stm32.9-2020-q2-update.macos64_2.0.0.202105311346/tools/bin/../lib/gcc/arm-none-eabi/9.3.1/../../../../arm-none-eabi/lib/thumb/v7e-m+fp/hard/libc_nano.a
LOAD /Applications/STM32CubeIDE.app/Contents/Eclipse/plugins/com.st.stm32cube.ide.mcu.externaltools.gnu-tools-for-stm32.9-2020-q2-update.macos64_2.0.0.202105311346/tools/bin/../lib/gcc/arm-none-eabi/9.3.1/../../../../arm-none-eabi/lib/thumb/v7e-m+fp/hard/libnosys.a
END GROUP
LOAD /Applications/STM32CubeIDE.app/Contents/Eclipse/plugins/com.st.stm32cube.ide.mcu.externaltools.gnu-tools-for-stm32.9-2020-q2-update.macos64_2.0.0.202105311346/tools/bin/../lib/gcc/arm-none-eabi/9.3.1/thumb/v7e-m+fp/hard/crtend.o
LOAD /Applications/STM32CubeIDE.app/Contents/Eclipse/plugins/com.st.stm32cube.ide.mcu.externaltools.gnu-tools-for-stm32.9-2020-q2-update.macos64_2.0.0.202105311346/tools/bin/../lib/gcc/arm-none-eabi/9.3.1/thumb/v7e-m+fp/hard/crtn.o
                0x0000000020018000                _estack = (ORIGIN (RAM) + LENGTH (RAM))
                0x0000000000000200                _Min_Heap_Size = 0x200
                0x0000000000000400                _Min_Stack_Size = 0x400

.isr_vector     0x0000000008000000      0x188
                0x0000000008000000                . = ALIGN (0x4)
 *(.isr_vector)
 .isr_vector    0x0000000008000000      0x188 ./Core/Startup/startup_stm32l476rgtx.o
                0x0000000008000000                g_pfnVectors
                0x0000000008000188                . = ALIGN (0x4)

.text           0x0000000008000190     0x92c8
                0x0000000008000190                . = ALIGN (0x4)
 *(.text)
 .text          0x0000000008000190       0x40 /Applications/STM32CubeIDE.app/Contents/Eclipse/plugins/com.st.stm32cube.ide.mcu.externaltools.gnu-tools-for-stm32.9-2020-q2-update.macos64_2.0.0.202105311346/tools/bin/../lib/gcc/arm-none-eabi/9.3.1/thumb/v7e-m+fp/hard/crtbegin.o
 .text          0x00000000080001d0       0xa0 /Applications/STM32CubeIDE.app/Contents/Eclipse/plugins/com.st.stm32cube.ide.mcu.externaltools.gnu-tools-for-stm32.9-2020-q2-update.macos64_2.0.0.202105311346/tools/bin/../lib/gcc/arm-none-eabi/9.3.1/../../../../arm-none-eabi/lib/thumb/v7e-m+fp/hard/libc_nano.a(lib_a-memchr.o)
                0x00000000080001d0                memchr
 *(.text*)
 .text.vApplicationGetIdleTaskMemory
                0x0000000008000270       0x34 ./Core/Src/freertos.o
                0x0000000008000270                vApplicationGetIdleTaskMemory
 .text.__NVIC_GetPriorityGrouping
                0x00000000080002a4       0x1c ./Core/Src/main.o
 .text.__NVIC_EnableIRQ
                0x00000000080002c0       0x3c ./Core/Src/main.o
 .text.__NVIC_SetPriority
                0x00000000080002fc       0x54 ./Core/Src/main.o
 .text.NVIC_EncodePriority
                0x0000000008000350       0x66 ./Core/Src/main.o
 .text.LL_USART_Enable
                0x00000000080003b6       0x20 ./Core/Src/main.o
 .text.LL_USART_ConfigAsyncMode
                0x00000000080003d6       0x2c ./Core/Src/main.o
 .text.LL_USART_IsActiveFlag_RXNE
                0x0000000008000402       0x26 ./Core/Src/main.o
 .text.LL_USART_IsActiveFlag_TXE
                0x0000000008000428       0x26 ./Core/Src/main.o
 .text.LL_USART_EnableIT_RXNE
                0x000000000800044e       0x20 ./Core/Src/main.o
 .text.LL_USART_EnableIT_TXE
                0x000000000800046e       0x20 ./Core/Src/main.o
 .text.LL_USART_DisableIT_TXE
                0x000000000800048e       0x20 ./Core/Src/main.o
 .text.LL_USART_ReceiveData8
                0x00000000080004ae       0x1c ./Core/Src/main.o
 .text.LL_USART_TransmitData8
                0x00000000080004ca       0x20 ./Core/Src/main.o
 *fill*         0x00000000080004ea        0x2 
 .text.LL_AHB2_GRP1_EnableClock
                0x00000000080004ec       0x30 ./Core/Src/main.o
 .text.LL_APB1_GRP1_EnableClock
                0x000000000800051c       0x30 ./Core/Src/main.o
 .text.LL_APB2_GRP1_EnableClock
                0x000000000800054c       0x30 ./Core/Src/main.o
 .text.sendchar
                0x000000000800057c       0x64 ./Core/Src/main.o
                0x000000000800057c                sendchar
 .text.sendString
                0x00000000080005e0       0x34 ./Core/Src/main.o
                0x00000000080005e0                sendString
 .text.readchar
                0x0000000008000614       0x54 ./Core/Src/main.o
                0x0000000008000614                readchar
 .text.cli      0x0000000008000668       0xd4 ./Core/Src/main.o
                0x0000000008000668                cli
 .text.changeLedState
                0x000000000800073c       0x20 ./Core/Src/main.o
                0x000000000800073c                changeLedState
 .text.readVoltage
                0x000000000800075c       0x34 ./Core/Src/main.o
                0x000000000800075c                readVoltage
 .text.changeDoorState
                0x0000000008000790       0x34 ./Core/Src/main.o
                0x0000000008000790                changeDoorState
 .text.USART_2_IRQHandler
                0x00000000080007c4       0xc0 ./Core/Src/main.o
                0x00000000080007c4                USART_2_IRQHandler
 .text.USART_1_IRQHandler
                0x0000000008000884       0xc0 ./Core/Src/main.o
                0x0000000008000884                USART_1_IRQHandler
 .text.main     0x0000000008000944       0x9c ./Core/Src/main.o
                0x0000000008000944                main
 .text.SystemClock_Config
                0x00000000080009e0       0xa2 ./Core/Src/main.o
                0x00000000080009e0                SystemClock_Config
 *fill*         0x0000000008000a82        0x2 
 .text.MX_ADC1_Init
                0x0000000008000a84       0xec ./Core/Src/main.o
 .text.MX_TIM2_Init
                0x0000000008000b70       0x9c ./Core/Src/main.o
 .text.MX_TIM3_Init
                0x0000000008000c0c       0xf0 ./Core/Src/main.o
 .text.MX_USART1_UART_Init
                0x0000000008000cfc      0x134 ./Core/Src/main.o
 .text.MX_USART2_UART_Init
                0x0000000008000e30      0x130 ./Core/Src/main.o
 .text.MX_GPIO_Init
                0x0000000008000f60       0xd0 ./Core/Src/main.o
 .text.StartDefaultTask
                0x0000000008001030       0x10 ./Core/Src/main.o
                0x0000000008001030                StartDefaultTask
 .text.HAL_TIM_PeriodElapsedCallback
                0x0000000008001040       0x24 ./Core/Src/main.o
                0x0000000008001040                HAL_TIM_PeriodElapsedCallback
 .text.Error_Handler
                0x0000000008001064        0xa ./Core/Src/main.o
                0x0000000008001064                Error_Handler
 *fill*         0x000000000800106e        0x2 
 .text.HAL_MspInit
                0x0000000008001070       0x50 ./Core/Src/stm32l4xx_hal_msp.o
                0x0000000008001070                HAL_MspInit
 .text.HAL_ADC_MspInit
                0x00000000080010c0       0xd0 ./Core/Src/stm32l4xx_hal_msp.o
                0x00000000080010c0                HAL_ADC_MspInit
 .text.HAL_TIM_Base_MspInit
                0x0000000008001190       0x70 ./Core/Src/stm32l4xx_hal_msp.o
                0x0000000008001190                HAL_TIM_Base_MspInit
 .text.HAL_TIM_MspPostInit
                0x0000000008001200       0x6c ./Core/Src/stm32l4xx_hal_msp.o
                0x0000000008001200                HAL_TIM_MspPostInit
 .text.HAL_InitTick
                0x000000000800126c       0xac ./Core/Src/stm32l4xx_hal_timebase_tim.o
                0x000000000800126c                HAL_InitTick
 .text.NMI_Handler
                0x0000000008001318        0x6 ./Core/Src/stm32l4xx_it.o
                0x0000000008001318                NMI_Handler
 .text.HardFault_Handler
                0x000000000800131e        0x6 ./Core/Src/stm32l4xx_it.o
                0x000000000800131e                HardFault_Handler
 .text.MemManage_Handler
                0x0000000008001324        0x6 ./Core/Src/stm32l4xx_it.o
                0x0000000008001324                MemManage_Handler
 .text.BusFault_Handler
                0x000000000800132a        0x6 ./Core/Src/stm32l4xx_it.o
                0x000000000800132a                BusFault_Handler
 .text.UsageFault_Handler
                0x0000000008001330        0x6 ./Core/Src/stm32l4xx_it.o
                0x0000000008001330                UsageFault_Handler
 .text.DebugMon_Handler
                0x0000000008001336        0xe ./Core/Src/stm32l4xx_it.o
                0x0000000008001336                DebugMon_Handler
 .text.TIM1_UP_TIM16_IRQHandler
                0x0000000008001344       0x14 ./Core/Src/stm32l4xx_it.o
                0x0000000008001344                TIM1_UP_TIM16_IRQHandler
 .text.TIM3_IRQHandler
                0x0000000008001358       0x14 ./Core/Src/stm32l4xx_it.o
                0x0000000008001358                TIM3_IRQHandler
 .text.USART1_IRQHandler
                0x000000000800136c        0xc ./Core/Src/stm32l4xx_it.o
                0x000000000800136c                USART1_IRQHandler
 .text.USART2_IRQHandler
                0x0000000008001378        0xc ./Core/Src/stm32l4xx_it.o
                0x0000000008001378                USART2_IRQHandler
 .text._sbrk    0x0000000008001384       0x6c ./Core/Src/sysmem.o
                0x0000000008001384                _sbrk
 .text.SystemInit
                0x00000000080013f0       0x64 ./Core/Src/system_stm32l4xx.o
                0x00000000080013f0                SystemInit
 .text.Reset_Handler
                0x0000000008001454       0x50 ./Core/Startup/startup_stm32l476rgtx.o
                0x0000000008001454                Reset_Handler
 .text.Default_Handler
                0x00000000080014a4        0x2 ./Core/Startup/startup_stm32l476rgtx.o
                0x00000000080014a4                TIM1_BRK_TIM15_IRQHandler
                0x00000000080014a4                EXTI2_IRQHandler
                0x00000000080014a4                TIM8_TRG_COM_IRQHandler
                0x00000000080014a4                TIM8_CC_IRQHandler
                0x00000000080014a4                TIM1_CC_IRQHandler
                0x00000000080014a4                TSC_IRQHandler
                0x00000000080014a4                TAMP_STAMP_IRQHandler
                0x00000000080014a4                EXTI3_IRQHandler
                0x00000000080014a4                LPTIM2_IRQHandler
                0x00000000080014a4                DFSDM1_FLT1_IRQHandler
                0x00000000080014a4                I2C3_ER_IRQHandler
                0x00000000080014a4                DFSDM1_FLT2_IRQHandler
                0x00000000080014a4                EXTI0_IRQHandler
                0x00000000080014a4                I2C2_EV_IRQHandler
                0x00000000080014a4                CAN1_RX0_IRQHandler
                0x00000000080014a4                FPU_IRQHandler
                0x00000000080014a4                ADC1_2_IRQHandler
                0x00000000080014a4                SPI1_IRQHandler
                0x00000000080014a4                TIM6_DAC_IRQHandler
                0x00000000080014a4                TIM8_UP_IRQHandler
                0x00000000080014a4                DMA2_Channel2_IRQHandler
                0x00000000080014a4                DMA1_Channel4_IRQHandler
                0x00000000080014a4                SAI2_IRQHandler
                0x00000000080014a4                DFSDM1_FLT3_IRQHandler
                0x00000000080014a4                USART3_IRQHandler
                0x00000000080014a4                DMA1_Channel7_IRQHandler
                0x00000000080014a4                CAN1_RX1_IRQHandler
                0x00000000080014a4                LCD_IRQHandler
                0x00000000080014a4                UART5_IRQHandler
                0x00000000080014a4                ADC3_IRQHandler
                0x00000000080014a4                TIM4_IRQHandler
                0x00000000080014a4                DMA2_Channel1_IRQHandler
                0x00000000080014a4                QUADSPI_IRQHandler
                0x00000000080014a4                I2C1_EV_IRQHandler
                0x00000000080014a4                DMA1_Channel6_IRQHandler
                0x00000000080014a4                UART4_IRQHandler
                0x00000000080014a4                DMA2_Channel4_IRQHandler
                0x00000000080014a4                RCC_IRQHandler
                0x00000000080014a4                DMA1_Channel1_IRQHandler
                0x00000000080014a4                Default_Handler
                0x00000000080014a4                DMA2_Channel7_IRQHandler
                0x00000000080014a4                EXTI15_10_IRQHandler
                0x00000000080014a4                TIM7_IRQHandler
                0x00000000080014a4                SDMMC1_IRQHandler
                0x00000000080014a4                TIM5_IRQHandler
                0x00000000080014a4                I2C3_EV_IRQHandler
                0x00000000080014a4                EXTI9_5_IRQHandler
                0x00000000080014a4                RTC_WKUP_IRQHandler
                0x00000000080014a4                PVD_PVM_IRQHandler
                0x00000000080014a4                SPI2_IRQHandler
                0x00000000080014a4                CAN1_TX_IRQHandler
                0x00000000080014a4                DMA2_Channel5_IRQHandler
                0x00000000080014a4                DMA1_Channel5_IRQHandler
                0x00000000080014a4                EXTI4_IRQHandler
                0x00000000080014a4                RNG_IRQHandler
                0x00000000080014a4                TIM1_TRG_COM_TIM17_IRQHandler
                0x00000000080014a4                DMA1_Channel3_IRQHandler
                0x00000000080014a4                COMP_IRQHandler
                0x00000000080014a4                WWDG_IRQHandler
                0x00000000080014a4                LPUART1_IRQHandler
                0x00000000080014a4                DMA2_Channel6_IRQHandler
                0x00000000080014a4                TIM2_IRQHandler
                0x00000000080014a4                EXTI1_IRQHandler
                0x00000000080014a4                DFSDM1_FLT0_IRQHandler
                0x00000000080014a4                I2C2_ER_IRQHandler
                0x00000000080014a4                DMA1_Channel2_IRQHandler
                0x00000000080014a4                TIM8_BRK_IRQHandler
                0x00000000080014a4                CAN1_SCE_IRQHandler
                0x00000000080014a4                FLASH_IRQHandler
                0x00000000080014a4                OTG_FS_IRQHandler
                0x00000000080014a4                SPI3_IRQHandler
                0x00000000080014a4                I2C1_ER_IRQHandler
                0x00000000080014a4                FMC_IRQHandler
                0x00000000080014a4                SWPMI1_IRQHandler
                0x00000000080014a4                LPTIM1_IRQHandler
                0x00000000080014a4                SAI1_IRQHandler
                0x00000000080014a4                DMA2_Channel3_IRQHandler
                0x00000000080014a4                RTC_Alarm_IRQHandler
 *fill*         0x00000000080014a6        0x2 
 .text.HAL_Init
                0x00000000080014a8       0x40 ./Drivers/STM32L4xx_HAL_Driver/Src/stm32l4xx_hal.o
                0x00000000080014a8                HAL_Init
 .text.HAL_IncTick
                0x00000000080014e8       0x28 ./Drivers/STM32L4xx_HAL_Driver/Src/stm32l4xx_hal.o
                0x00000000080014e8                HAL_IncTick
 .text.HAL_GetTick
                0x0000000008001510       0x18 ./Drivers/STM32L4xx_HAL_Driver/Src/stm32l4xx_hal.o
                0x0000000008001510                HAL_GetTick
 .text.LL_ADC_SetCommonClock
                0x0000000008001528       0x26 ./Drivers/STM32L4xx_HAL_Driver/Src/stm32l4xx_hal_adc.o
 .text.LL_ADC_SetCommonPathInternalCh
                0x000000000800154e       0x26 ./Drivers/STM32L4xx_HAL_Driver/Src/stm32l4xx_hal_adc.o
 .text.LL_ADC_GetCommonPathInternalCh
                0x0000000008001574       0x1c ./Drivers/STM32L4xx_HAL_Driver/Src/stm32l4xx_hal_adc.o
 .text.LL_ADC_SetOffset
                0x0000000008001590       0x48 ./Drivers/STM32L4xx_HAL_Driver/Src/stm32l4xx_hal_adc.o
 .text.LL_ADC_GetOffsetChannel
                0x00000000080015d8       0x2c ./Drivers/STM32L4xx_HAL_Driver/Src/stm32l4xx_hal_adc.o
 .text.LL_ADC_SetOffsetState
                0x0000000008001604       0x36 ./Drivers/STM32L4xx_HAL_Driver/Src/stm32l4xx_hal_adc.o
 .text.LL_ADC_REG_IsTriggerSourceSWStart
                0x000000000800163a       0x26 ./Drivers/STM32L4xx_HAL_Driver/Src/stm32l4xx_hal_adc.o
 .text.LL_ADC_REG_SetSequencerRanks
                0x0000000008001660       0x58 ./Drivers/STM32L4xx_HAL_Driver/Src/stm32l4xx_hal_adc.o
 .text.LL_ADC_SetChannelSamplingTime
                0x00000000080016b8       0x56 ./Drivers/STM32L4xx_HAL_Driver/Src/stm32l4xx_hal_adc.o
 *fill*         0x000000000800170e        0x2 
 .text.LL_ADC_SetChannelSingleDiff
                0x0000000008001710       0x48 ./Drivers/STM32L4xx_HAL_Driver/Src/stm32l4xx_hal_adc.o
 .text.LL_ADC_GetMultimode
                0x0000000008001758       0x1c ./Drivers/STM32L4xx_HAL_Driver/Src/stm32l4xx_hal_adc.o
 .text.LL_ADC_GetMultiDMATransfer
                0x0000000008001774       0x1c ./Drivers/STM32L4xx_HAL_Driver/Src/stm32l4xx_hal_adc.o
 .text.LL_ADC_DisableDeepPowerDown
                0x0000000008001790       0x24 ./Drivers/STM32L4xx_HAL_Driver/Src/stm32l4xx_hal_adc.o
 .text.LL_ADC_IsDeepPowerDownEnabled
                0x00000000080017b4       0x28 ./Drivers/STM32L4xx_HAL_Driver/Src/stm32l4xx_hal_adc.o
 .text.LL_ADC_EnableInternalRegulator
                0x00000000080017dc       0x28 ./Drivers/STM32L4xx_HAL_Driver/Src/stm32l4xx_hal_adc.o
 .text.LL_ADC_IsInternalRegulatorEnabled
                0x0000000008001804       0x28 ./Drivers/STM32L4xx_HAL_Driver/Src/stm32l4xx_hal_adc.o
 .text.LL_ADC_Enable
                0x000000000800182c       0x28 ./Drivers/STM32L4xx_HAL_Driver/Src/stm32l4xx_hal_adc.o
 .text.LL_ADC_IsEnabled
                0x0000000008001854       0x26 ./Drivers/STM32L4xx_HAL_Driver/Src/stm32l4xx_hal_adc.o
 .text.LL_ADC_REG_StartConversion
                0x000000000800187a       0x28 ./Drivers/STM32L4xx_HAL_Driver/Src/stm32l4xx_hal_adc.o
 .text.LL_ADC_REG_IsConversionOngoing
                0x00000000080018a2       0x26 ./Drivers/STM32L4xx_HAL_Driver/Src/stm32l4xx_hal_adc.o
 .text.LL_ADC_INJ_IsConversionOngoing
                0x00000000080018c8       0x26 ./Drivers/STM32L4xx_HAL_Driver/Src/stm32l4xx_hal_adc.o
 *fill*         0x00000000080018ee        0x2 
 .text.HAL_ADC_Init
                0x00000000080018f0      0x2ac ./Drivers/STM32L4xx_HAL_Driver/Src/stm32l4xx_hal_adc.o
                0x00000000080018f0                HAL_ADC_Init
 .text.HAL_ADC_Start
                0x0000000008001b9c      0x174 ./Drivers/STM32L4xx_HAL_Driver/Src/stm32l4xx_hal_adc.o
                0x0000000008001b9c                HAL_ADC_Start
 .text.HAL_ADC_PollForConversion
                0x0000000008001d10      0x1b0 ./Drivers/STM32L4xx_HAL_Driver/Src/stm32l4xx_hal_adc.o
                0x0000000008001d10                HAL_ADC_PollForConversion
 .text.HAL_ADC_GetValue
                0x0000000008001ec0       0x1a ./Drivers/STM32L4xx_HAL_Driver/Src/stm32l4xx_hal_adc.o
                0x0000000008001ec0                HAL_ADC_GetValue
 *fill*         0x0000000008001eda        0x2 
 .text.HAL_ADC_ConfigChannel
                0x0000000008001edc      0x7e0 ./Drivers/STM32L4xx_HAL_Driver/Src/stm32l4xx_hal_adc.o
                0x0000000008001edc                HAL_ADC_ConfigChannel
 .text.ADC_Enable
                0x00000000080026bc       0xc4 ./Drivers/STM32L4xx_HAL_Driver/Src/stm32l4xx_hal_adc.o
                0x00000000080026bc                ADC_Enable
 .text.LL_ADC_IsEnabled
                0x0000000008002780       0x26 ./Drivers/STM32L4xx_HAL_Driver/Src/stm32l4xx_hal_adc_ex.o
 .text.LL_ADC_REG_IsConversionOngoing
                0x00000000080027a6       0x26 ./Drivers/STM32L4xx_HAL_Driver/Src/stm32l4xx_hal_adc_ex.o
 .text.HAL_ADCEx_MultiModeConfigChannel
                0x00000000080027cc      0x160 ./Drivers/STM32L4xx_HAL_Driver/Src/stm32l4xx_hal_adc_ex.o
                0x00000000080027cc                HAL_ADCEx_MultiModeConfigChannel
 .text.__NVIC_SetPriorityGrouping
                0x000000000800292c       0x48 ./Drivers/STM32L4xx_HAL_Driver/Src/stm32l4xx_hal_cortex.o
 .text.__NVIC_GetPriorityGrouping
                0x0000000008002974       0x1c ./Drivers/STM32L4xx_HAL_Driver/Src/stm32l4xx_hal_cortex.o
 .text.__NVIC_EnableIRQ
                0x0000000008002990       0x3c ./Drivers/STM32L4xx_HAL_Driver/Src/stm32l4xx_hal_cortex.o
 .text.__NVIC_SetPriority
                0x00000000080029cc       0x54 ./Drivers/STM32L4xx_HAL_Driver/Src/stm32l4xx_hal_cortex.o
 .text.NVIC_EncodePriority
                0x0000000008002a20       0x66 ./Drivers/STM32L4xx_HAL_Driver/Src/stm32l4xx_hal_cortex.o
 .text.HAL_NVIC_SetPriorityGrouping
                0x0000000008002a86       0x16 ./Drivers/STM32L4xx_HAL_Driver/Src/stm32l4xx_hal_cortex.o
                0x0000000008002a86                HAL_NVIC_SetPriorityGrouping
 .text.HAL_NVIC_SetPriority
                0x0000000008002a9c       0x38 ./Drivers/STM32L4xx_HAL_Driver/Src/stm32l4xx_hal_cortex.o
                0x0000000008002a9c                HAL_NVIC_SetPriority
 .text.HAL_NVIC_EnableIRQ
                0x0000000008002ad4       0x1c ./Drivers/STM32L4xx_HAL_Driver/Src/stm32l4xx_hal_cortex.o
                0x0000000008002ad4                HAL_NVIC_EnableIRQ
 .text.HAL_GPIO_Init
                0x0000000008002af0      0x354 ./Drivers/STM32L4xx_HAL_Driver/Src/stm32l4xx_hal_gpio.o
                0x0000000008002af0                HAL_GPIO_Init
 .text.HAL_GPIO_WritePin
                0x0000000008002e44       0x30 ./Drivers/STM32L4xx_HAL_Driver/Src/stm32l4xx_hal_gpio.o
                0x0000000008002e44                HAL_GPIO_WritePin
 .text.HAL_PWREx_GetVoltageRange
                0x0000000008002e74       0x1c ./Drivers/STM32L4xx_HAL_Driver/Src/stm32l4xx_hal_pwr_ex.o
                0x0000000008002e74                HAL_PWREx_GetVoltageRange
 .text.HAL_PWREx_ControlVoltageScaling
                0x0000000008002e90       0xac ./Drivers/STM32L4xx_HAL_Driver/Src/stm32l4xx_hal_pwr_ex.o
                0x0000000008002e90                HAL_PWREx_ControlVoltageScaling
 .text.HAL_RCC_OscConfig
                0x0000000008002f3c      0x7cc ./Drivers/STM32L4xx_HAL_Driver/Src/stm32l4xx_hal_rcc.o
                0x0000000008002f3c                HAL_RCC_OscConfig
 .text.HAL_RCC_ClockConfig
                0x0000000008003708      0x1c4 ./Drivers/STM32L4xx_HAL_Driver/Src/stm32l4xx_hal_rcc.o
                0x0000000008003708                HAL_RCC_ClockConfig
 .text.HAL_RCC_GetSysClockFreq
                0x00000000080038cc      0x118 ./Drivers/STM32L4xx_HAL_Driver/Src/stm32l4xx_hal_rcc.o
                0x00000000080038cc                HAL_RCC_GetSysClockFreq
 .text.HAL_RCC_GetHCLKFreq
                0x00000000080039e4       0x18 ./Drivers/STM32L4xx_HAL_Driver/Src/stm32l4xx_hal_rcc.o
                0x00000000080039e4                HAL_RCC_GetHCLKFreq
 .text.HAL_RCC_GetPCLK2Freq
                0x00000000080039fc       0x2c ./Drivers/STM32L4xx_HAL_Driver/Src/stm32l4xx_hal_rcc.o
                0x00000000080039fc                HAL_RCC_GetPCLK2Freq
 .text.HAL_RCC_GetClockConfig
                0x0000000008003a28       0x64 ./Drivers/STM32L4xx_HAL_Driver/Src/stm32l4xx_hal_rcc.o
                0x0000000008003a28                HAL_RCC_GetClockConfig
 .text.RCC_SetFlashLatencyFromMSIRange
                0x0000000008003a8c       0xc0 ./Drivers/STM32L4xx_HAL_Driver/Src/stm32l4xx_hal_rcc.o
 .text.HAL_RCCEx_PeriphCLKConfig
                0x0000000008003b4c      0x5d4 ./Drivers/STM32L4xx_HAL_Driver/Src/stm32l4xx_hal_rcc_ex.o
                0x0000000008003b4c                HAL_RCCEx_PeriphCLKConfig
 .text.RCCEx_PLLSAI1_Config
                0x0000000008004120      0x1e8 ./Drivers/STM32L4xx_HAL_Driver/Src/stm32l4xx_hal_rcc_ex.o
 .text.RCCEx_PLLSAI2_Config
                0x0000000008004308      0x1bc ./Drivers/STM32L4xx_HAL_Driver/Src/stm32l4xx_hal_rcc_ex.o
 .text.HAL_TIM_Base_Init
                0x00000000080044c4       0xae ./Drivers/STM32L4xx_HAL_Driver/Src/stm32l4xx_hal_tim.o
                0x00000000080044c4                HAL_TIM_Base_Init
 *fill*         0x0000000008004572        0x2 
 .text.HAL_TIM_Base_Start
                0x0000000008004574       0xd0 ./Drivers/STM32L4xx_HAL_Driver/Src/stm32l4xx_hal_tim.o
                0x0000000008004574                HAL_TIM_Base_Start
 .text.HAL_TIM_Base_Start_IT
                0x0000000008004644       0xe0 ./Drivers/STM32L4xx_HAL_Driver/Src/stm32l4xx_hal_tim.o
                0x0000000008004644                HAL_TIM_Base_Start_IT
 .text.HAL_TIM_PWM_Init
                0x0000000008004724       0xae ./Drivers/STM32L4xx_HAL_Driver/Src/stm32l4xx_hal_tim.o
                0x0000000008004724                HAL_TIM_PWM_Init
 .text.HAL_TIM_PWM_MspInit
                0x00000000080047d2       0x14 ./Drivers/STM32L4xx_HAL_Driver/Src/stm32l4xx_hal_tim.o
                0x00000000080047d2                HAL_TIM_PWM_MspInit
 *fill*         0x00000000080047e6        0x2 
 .text.HAL_TIM_PWM_Start
                0x00000000080047e8      0x20c ./Drivers/STM32L4xx_HAL_Driver/Src/stm32l4xx_hal_tim.o
                0x00000000080047e8                HAL_TIM_PWM_Start
 .text.HAL_TIM_PWM_Stop
                0x00000000080049f4      0x12c ./Drivers/STM32L4xx_HAL_Driver/Src/stm32l4xx_hal_tim.o
                0x00000000080049f4                HAL_TIM_PWM_Stop
 .text.HAL_TIM_IRQHandler
                0x0000000008004b20      0x23e ./Drivers/STM32L4xx_HAL_Driver/Src/stm32l4xx_hal_tim.o
                0x0000000008004b20                HAL_TIM_IRQHandler
 *fill*         0x0000000008004d5e        0x2 
 .text.HAL_TIM_PWM_ConfigChannel
                0x0000000008004d60      0x220 ./Drivers/STM32L4xx_HAL_Driver/Src/stm32l4xx_hal_tim.o
                0x0000000008004d60                HAL_TIM_PWM_ConfigChannel
 .text.HAL_TIM_ConfigClockSource
                0x0000000008004f80      0x18c ./Drivers/STM32L4xx_HAL_Driver/Src/stm32l4xx_hal_tim.o
                0x0000000008004f80                HAL_TIM_ConfigClockSource
 .text.HAL_TIM_OC_DelayElapsedCallback
                0x000000000800510c       0x14 ./Drivers/STM32L4xx_HAL_Driver/Src/stm32l4xx_hal_tim.o
                0x000000000800510c                HAL_TIM_OC_DelayElapsedCallback
 .text.HAL_TIM_IC_CaptureCallback
                0x0000000008005120       0x14 ./Drivers/STM32L4xx_HAL_Driver/Src/stm32l4xx_hal_tim.o
                0x0000000008005120                HAL_TIM_IC_CaptureCallback
 .text.HAL_TIM_PWM_PulseFinishedCallback
                0x0000000008005134       0x14 ./Drivers/STM32L4xx_HAL_Driver/Src/stm32l4xx_hal_tim.o
                0x0000000008005134                HAL_TIM_PWM_PulseFinishedCallback
 .text.HAL_TIM_TriggerCallback
                0x0000000008005148       0x14 ./Drivers/STM32L4xx_HAL_Driver/Src/stm32l4xx_hal_tim.o
                0x0000000008005148                HAL_TIM_TriggerCallback
 .text.TIM_Base_SetConfig
                0x000000000800515c      0x134 ./Drivers/STM32L4xx_HAL_Driver/Src/stm32l4xx_hal_tim.o
                0x000000000800515c                TIM_Base_SetConfig
 .text.TIM_OC1_SetConfig
                0x0000000008005290      0x120 ./Drivers/STM32L4xx_HAL_Driver/Src/stm32l4xx_hal_tim.o
 .text.TIM_OC2_SetConfig
                0x00000000080053b0      0x114 ./Drivers/STM32L4xx_HAL_Driver/Src/stm32l4xx_hal_tim.o
                0x00000000080053b0                TIM_OC2_SetConfig
 .text.TIM_OC3_SetConfig
                0x00000000080054c4      0x110 ./Drivers/STM32L4xx_HAL_Driver/Src/stm32l4xx_hal_tim.o
 .text.TIM_OC4_SetConfig
                0x00000000080055d4       0xd4 ./Drivers/STM32L4xx_HAL_Driver/Src/stm32l4xx_hal_tim.o
 .text.TIM_OC5_SetConfig
                0x00000000080056a8       0xc8 ./Drivers/STM32L4xx_HAL_Driver/Src/stm32l4xx_hal_tim.o
 .text.TIM_OC6_SetConfig
                0x0000000008005770       0xcc ./Drivers/STM32L4xx_HAL_Driver/Src/stm32l4xx_hal_tim.o
 .text.TIM_TI1_ConfigInputStage
                0x000000000800583c       0x5e ./Drivers/STM32L4xx_HAL_Driver/Src/stm32l4xx_hal_tim.o
 .text.TIM_TI2_ConfigInputStage
                0x000000000800589a       0x60 ./Drivers/STM32L4xx_HAL_Driver/Src/stm32l4xx_hal_tim.o
 .text.TIM_ITRx_SetConfig
                0x00000000080058fa       0x36 ./Drivers/STM32L4xx_HAL_Driver/Src/stm32l4xx_hal_tim.o
 .text.TIM_ETR_SetConfig
                0x0000000008005930       0x40 ./Drivers/STM32L4xx_HAL_Driver/Src/stm32l4xx_hal_tim.o
                0x0000000008005930                TIM_ETR_SetConfig
 .text.TIM_CCxChannelCmd
                0x0000000008005970       0x4a ./Drivers/STM32L4xx_HAL_Driver/Src/stm32l4xx_hal_tim.o
                0x0000000008005970                TIM_CCxChannelCmd
 *fill*         0x00000000080059ba        0x2 
 .text.HAL_TIMEx_MasterConfigSynchronization
                0x00000000080059bc      0x110 ./Drivers/STM32L4xx_HAL_Driver/Src/stm32l4xx_hal_tim_ex.o
                0x00000000080059bc                HAL_TIMEx_MasterConfigSynchronization
 .text.HAL_TIMEx_CommutCallback
                0x0000000008005acc       0x14 ./Drivers/STM32L4xx_HAL_Driver/Src/stm32l4xx_hal_tim_ex.o
                0x0000000008005acc                HAL_TIMEx_CommutCallback
 .text.HAL_TIMEx_BreakCallback
                0x0000000008005ae0       0x14 ./Drivers/STM32L4xx_HAL_Driver/Src/stm32l4xx_hal_tim_ex.o
                0x0000000008005ae0                HAL_TIMEx_BreakCallback
 .text.HAL_TIMEx_Break2Callback
                0x0000000008005af4       0x14 ./Drivers/STM32L4xx_HAL_Driver/Src/stm32l4xx_hal_tim_ex.o
                0x0000000008005af4                HAL_TIMEx_Break2Callback
 .text.LL_GPIO_SetPinMode
                0x0000000008005b08       0x7a ./Drivers/STM32L4xx_HAL_Driver/Src/stm32l4xx_ll_gpio.o
 .text.LL_GPIO_SetPinOutputType
                0x0000000008005b82       0x30 ./Drivers/STM32L4xx_HAL_Driver/Src/stm32l4xx_ll_gpio.o
 .text.LL_GPIO_SetPinSpeed
                0x0000000008005bb2       0x7a ./Drivers/STM32L4xx_HAL_Driver/Src/stm32l4xx_ll_gpio.o
 .text.LL_GPIO_SetPinPull
                0x0000000008005c2c       0x7a ./Drivers/STM32L4xx_HAL_Driver/Src/stm32l4xx_ll_gpio.o
 .text.LL_GPIO_SetAFPin_0_7
                0x0000000008005ca6       0x7a ./Drivers/STM32L4xx_HAL_Driver/Src/stm32l4xx_ll_gpio.o
 .text.LL_GPIO_SetAFPin_8_15
                0x0000000008005d20       0x7e ./Drivers/STM32L4xx_HAL_Driver/Src/stm32l4xx_ll_gpio.o
 .text.LL_GPIO_Init
                0x0000000008005d9e       0xdc ./Drivers/STM32L4xx_HAL_Driver/Src/stm32l4xx_ll_gpio.o
                0x0000000008005d9e                LL_GPIO_Init
 *fill*         0x0000000008005e7a        0x2 
 .text.LL_RCC_HSI_IsReady
                0x0000000008005e7c       0x28 ./Drivers/STM32L4xx_HAL_Driver/Src/stm32l4xx_ll_rcc.o
 .text.LL_RCC_LSE_IsReady
                0x0000000008005ea4       0x28 ./Drivers/STM32L4xx_HAL_Driver/Src/stm32l4xx_ll_rcc.o
 .text.LL_RCC_MSI_IsEnabledRangeSelect
                0x0000000008005ecc       0x24 ./Drivers/STM32L4xx_HAL_Driver/Src/stm32l4xx_ll_rcc.o
 .text.LL_RCC_MSI_GetRange
                0x0000000008005ef0       0x1c ./Drivers/STM32L4xx_HAL_Driver/Src/stm32l4xx_ll_rcc.o
 .text.LL_RCC_MSI_GetRangeAfterStandby
                0x0000000008005f0c       0x1c ./Drivers/STM32L4xx_HAL_Driver/Src/stm32l4xx_ll_rcc.o
 .text.LL_RCC_GetSysClkSource
                0x0000000008005f28       0x1c ./Drivers/STM32L4xx_HAL_Driver/Src/stm32l4xx_ll_rcc.o
 .text.LL_RCC_GetAHBPrescaler
                0x0000000008005f44       0x1c ./Drivers/STM32L4xx_HAL_Driver/Src/stm32l4xx_ll_rcc.o
 .text.LL_RCC_GetAPB1Prescaler
                0x0000000008005f60       0x1c ./Drivers/STM32L4xx_HAL_Driver/Src/stm32l4xx_ll_rcc.o
 .text.LL_RCC_GetAPB2Prescaler
                0x0000000008005f7c       0x1c ./Drivers/STM32L4xx_HAL_Driver/Src/stm32l4xx_ll_rcc.o
 .text.LL_RCC_GetUSARTClockSource
                0x0000000008005f98       0x28 ./Drivers/STM32L4xx_HAL_Driver/Src/stm32l4xx_ll_rcc.o
 .text.LL_RCC_GetUARTClockSource
                0x0000000008005fc0       0x28 ./Drivers/STM32L4xx_HAL_Driver/Src/stm32l4xx_ll_rcc.o
 .text.LL_RCC_PLL_GetMainSource
                0x0000000008005fe8       0x1c ./Drivers/STM32L4xx_HAL_Driver/Src/stm32l4xx_ll_rcc.o
 .text.LL_RCC_PLL_GetN
                0x0000000008006004       0x1c ./Drivers/STM32L4xx_HAL_Driver/Src/stm32l4xx_ll_rcc.o
 .text.LL_RCC_PLL_GetR
                0x0000000008006020       0x1c ./Drivers/STM32L4xx_HAL_Driver/Src/stm32l4xx_ll_rcc.o
 .text.LL_RCC_PLL_GetDivider
                0x000000000800603c       0x1c ./Drivers/STM32L4xx_HAL_Driver/Src/stm32l4xx_ll_rcc.o
 .text.LL_RCC_GetUSARTClockFreq
                0x0000000008006058      0x1c8 ./Drivers/STM32L4xx_HAL_Driver/Src/stm32l4xx_ll_rcc.o
                0x0000000008006058                LL_RCC_GetUSARTClockFreq
 .text.LL_RCC_GetUARTClockFreq
                0x0000000008006220      0x130 ./Drivers/STM32L4xx_HAL_Driver/Src/stm32l4xx_ll_rcc.o
                0x0000000008006220                LL_RCC_GetUARTClockFreq
 .text.RCC_GetSystemClockFreq
                0x0000000008006350      0x120 ./Drivers/STM32L4xx_HAL_Driver/Src/stm32l4xx_ll_rcc.o
 .text.RCC_GetHCLKClockFreq
                0x0000000008006470       0x2c ./Drivers/STM32L4xx_HAL_Driver/Src/stm32l4xx_ll_rcc.o
 .text.RCC_GetPCLK1ClockFreq
                0x000000000800649c       0x28 ./Drivers/STM32L4xx_HAL_Driver/Src/stm32l4xx_ll_rcc.o
 .text.RCC_GetPCLK2ClockFreq
                0x00000000080064c4       0x28 ./Drivers/STM32L4xx_HAL_Driver/Src/stm32l4xx_ll_rcc.o
 .text.RCC_PLL_GetFreqDomain_SYS
                0x00000000080064ec      0x118 ./Drivers/STM32L4xx_HAL_Driver/Src/stm32l4xx_ll_rcc.o
 .text.LL_USART_IsEnabled
                0x0000000008006604       0x26 ./Drivers/STM32L4xx_HAL_Driver/Src/stm32l4xx_ll_usart.o
 .text.LL_USART_SetStopBitsLength
                0x000000000800662a       0x26 ./Drivers/STM32L4xx_HAL_Driver/Src/stm32l4xx_ll_usart.o
 .text.LL_USART_SetHWFlowCtrl
                0x0000000008006650       0x26 ./Drivers/STM32L4xx_HAL_Driver/Src/stm32l4xx_ll_usart.o
 .text.LL_USART_SetBaudRate
                0x0000000008006676       0x6e ./Drivers/STM32L4xx_HAL_Driver/Src/stm32l4xx_ll_usart.o
 .text.LL_USART_Init
                0x00000000080066e4       0xf8 ./Drivers/STM32L4xx_HAL_Driver/Src/stm32l4xx_ll_usart.o
                0x00000000080066e4                LL_USART_Init
 .text.makeFreeRtosPriority
                0x00000000080067dc       0x30 ./Middlewares/Third_Party/FreeRTOS/Source/CMSIS_RTOS/cmsis_os.o
 .text.osKernelStart
                0x000000000800680c        0xe ./Middlewares/Third_Party/FreeRTOS/Source/CMSIS_RTOS/cmsis_os.o
                0x000000000800680c                osKernelStart
 .text.osThreadCreate
                0x000000000800681a       0x98 ./Middlewares/Third_Party/FreeRTOS/Source/CMSIS_RTOS/cmsis_os.o
                0x000000000800681a                osThreadCreate
 .text.osDelay  0x00000000080068b2       0x28 ./Middlewares/Third_Party/FreeRTOS/Source/CMSIS_RTOS/cmsis_os.o
                0x00000000080068b2                osDelay
 .text.vListInitialise
                0x00000000080068da       0x40 ./Middlewares/Third_Party/FreeRTOS/Source/list.o
                0x00000000080068da                vListInitialise
 .text.vListInitialiseItem
                0x000000000800691a       0x1a ./Middlewares/Third_Party/FreeRTOS/Source/list.o
                0x000000000800691a                vListInitialiseItem
 .text.vListInsertEnd
                0x0000000008006934       0x48 ./Middlewares/Third_Party/FreeRTOS/Source/list.o
                0x0000000008006934                vListInsertEnd
 .text.vListInsert
                0x000000000800697c       0x72 ./Middlewares/Third_Party/FreeRTOS/Source/list.o
                0x000000000800697c                vListInsert
 .text.uxListRemove
                0x00000000080069ee       0x54 ./Middlewares/Third_Party/FreeRTOS/Source/list.o
                0x00000000080069ee                uxListRemove
 *fill*         0x0000000008006a42        0x2 
 .text.xQueueGenericReset
                0x0000000008006a44       0xd0 ./Middlewares/Third_Party/FreeRTOS/Source/queue.o
                0x0000000008006a44                xQueueGenericReset
 .text.xQueueGenericCreate
                0x0000000008006b14       0x74 ./Middlewares/Third_Party/FreeRTOS/Source/queue.o
                0x0000000008006b14                xQueueGenericCreate
 .text.prvInitialiseNewQueue
                0x0000000008006b88       0x3e ./Middlewares/Third_Party/FreeRTOS/Source/queue.o
 .text.prvInitialiseMutex
                0x0000000008006bc6       0x34 ./Middlewares/Third_Party/FreeRTOS/Source/queue.o
 .text.xQueueCreateMutex
                0x0000000008006bfa       0x30 ./Middlewares/Third_Party/FreeRTOS/Source/queue.o
                0x0000000008006bfa                xQueueCreateMutex
 *fill*         0x0000000008006c2a        0x2 
 .text.xQueueGenericSend
                0x0000000008006c2c      0x1fc ./Middlewares/Third_Party/FreeRTOS/Source/queue.o
                0x0000000008006c2c                xQueueGenericSend
 .text.xQueueGenericSendFromISR
                0x0000000008006e28      0x136 ./Middlewares/Third_Party/FreeRTOS/Source/queue.o
                0x0000000008006e28                xQueueGenericSendFromISR
 *fill*         0x0000000008006f5e        0x2 
 .text.xQueueReceive
                0x0000000008006f60      0x1c0 ./Middlewares/Third_Party/FreeRTOS/Source/queue.o
                0x0000000008006f60                xQueueReceive
 .text.xQueueReceiveFromISR
                0x0000000008007120      0x100 ./Middlewares/Third_Party/FreeRTOS/Source/queue.o
                0x0000000008007120                xQueueReceiveFromISR
 .text.prvCopyDataToQueue
                0x0000000008007220       0xd4 ./Middlewares/Third_Party/FreeRTOS/Source/queue.o
 .text.prvCopyDataFromQueue
                0x00000000080072f4       0x4c ./Middlewares/Third_Party/FreeRTOS/Source/queue.o
 .text.prvUnlockQueue
                0x0000000008007340       0xa4 ./Middlewares/Third_Party/FreeRTOS/Source/queue.o
 .text.prvIsQueueEmpty
                0x00000000080073e4       0x2c ./Middlewares/Third_Party/FreeRTOS/Source/queue.o
 .text.prvIsQueueFull
                0x0000000008007410       0x30 ./Middlewares/Third_Party/FreeRTOS/Source/queue.o
 .text.xTaskCreateStatic
                0x0000000008007440       0xba ./Middlewares/Third_Party/FreeRTOS/Source/tasks.o
                0x0000000008007440                xTaskCreateStatic
 .text.xTaskCreate
                0x00000000080074fa       0x8a ./Middlewares/Third_Party/FreeRTOS/Source/tasks.o
                0x00000000080074fa                xTaskCreate
 .text.prvInitialiseNewTask
                0x0000000008007584      0x13c ./Middlewares/Third_Party/FreeRTOS/Source/tasks.o
 .text.prvAddNewTaskToReadyList
                0x00000000080076c0       0xd4 ./Middlewares/Third_Party/FreeRTOS/Source/tasks.o
 .text.vTaskDelay
                0x0000000008007794       0x68 ./Middlewares/Third_Party/FreeRTOS/Source/tasks.o
                0x0000000008007794                vTaskDelay
 .text.vTaskStartScheduler
                0x00000000080077fc       0xd4 ./Middlewares/Third_Party/FreeRTOS/Source/tasks.o
                0x00000000080077fc                vTaskStartScheduler
 .text.vTaskSuspendAll
                0x00000000080078d0       0x1c ./Middlewares/Third_Party/FreeRTOS/Source/tasks.o
                0x00000000080078d0                vTaskSuspendAll
 .text.xTaskResumeAll
                0x00000000080078ec      0x138 ./Middlewares/Third_Party/FreeRTOS/Source/tasks.o
                0x00000000080078ec                xTaskResumeAll
 .text.xTaskIncrementTick
                0x0000000008007a24      0x170 ./Middlewares/Third_Party/FreeRTOS/Source/tasks.o
                0x0000000008007a24                xTaskIncrementTick
 .text.vTaskSwitchContext
                0x0000000008007b94       0xc4 ./Middlewares/Third_Party/FreeRTOS/Source/tasks.o
                0x0000000008007b94                vTaskSwitchContext
 .text.vTaskPlaceOnEventList
                0x0000000008007c58       0x48 ./Middlewares/Third_Party/FreeRTOS/Source/tasks.o
                0x0000000008007c58                vTaskPlaceOnEventList
 .text.xTaskRemoveFromEventList
                0x0000000008007ca0       0xc4 ./Middlewares/Third_Party/FreeRTOS/Source/tasks.o
                0x0000000008007ca0                xTaskRemoveFromEventList
 .text.vTaskInternalSetTimeOutState
                0x0000000008007d64       0x2c ./Middlewares/Third_Party/FreeRTOS/Source/tasks.o
                0x0000000008007d64                vTaskInternalSetTimeOutState
 .text.xTaskCheckForTimeOut
                0x0000000008007d90       0xc4 ./Middlewares/Third_Party/FreeRTOS/Source/tasks.o
                0x0000000008007d90                xTaskCheckForTimeOut
 .text.vTaskMissedYield
                0x0000000008007e54       0x18 ./Middlewares/Third_Party/FreeRTOS/Source/tasks.o
                0x0000000008007e54                vTaskMissedYield
 .text.prvIdleTask
                0x0000000008007e6c       0x30 ./Middlewares/Third_Party/FreeRTOS/Source/tasks.o
 .text.prvInitialiseTaskLists
                0x0000000008007e9c       0x80 ./Middlewares/Third_Party/FreeRTOS/Source/tasks.o
 .text.prvCheckTasksWaitingTermination
                0x0000000008007f1c       0x5c ./Middlewares/Third_Party/FreeRTOS/Source/tasks.o
 .text.prvDeleteTCB
                0x0000000008007f78       0x68 ./Middlewares/Third_Party/FreeRTOS/Source/tasks.o
 .text.prvResetNextTaskUnblockTime
                0x0000000008007fe0       0x40 ./Middlewares/Third_Party/FreeRTOS/Source/tasks.o
 .text.xTaskGetSchedulerState
                0x0000000008008020       0x3c ./Middlewares/Third_Party/FreeRTOS/Source/tasks.o
                0x0000000008008020                xTaskGetSchedulerState
 .text.xTaskPriorityDisinherit
                0x000000000800805c      0x10c ./Middlewares/Third_Party/FreeRTOS/Source/tasks.o
                0x000000000800805c                xTaskPriorityDisinherit
 .text.prvAddCurrentTaskToDelayedList
                0x0000000008008168       0xcc ./Middlewares/Third_Party/FreeRTOS/Source/tasks.o
 .text.pxPortInitialiseStack
                0x0000000008008234       0x68 ./Middlewares/Third_Party/FreeRTOS/Source/portable/GCC/ARM_CM4F/port.o
                0x0000000008008234                pxPortInitialiseStack
 .text.prvTaskExitError
                0x000000000800829c       0x58 ./Middlewares/Third_Party/FreeRTOS/Source/portable/GCC/ARM_CM4F/port.o
 *fill*         0x00000000080082f4        0xc 
 .text.SVC_Handler
                0x0000000008008300       0x28 ./Middlewares/Third_Party/FreeRTOS/Source/portable/GCC/ARM_CM4F/port.o
                0x0000000008008300                SVC_Handler
 .text.prvPortStartFirstTask
                0x0000000008008328       0x28 ./Middlewares/Third_Party/FreeRTOS/Source/portable/GCC/ARM_CM4F/port.o
 .text.xPortStartScheduler
                0x0000000008008350      0x144 ./Middlewares/Third_Party/FreeRTOS/Source/portable/GCC/ARM_CM4F/port.o
                0x0000000008008350                xPortStartScheduler
 .text.vPortEnterCritical
                0x0000000008008494       0x60 ./Middlewares/Third_Party/FreeRTOS/Source/portable/GCC/ARM_CM4F/port.o
                0x0000000008008494                vPortEnterCritical
 .text.vPortExitCritical
                0x00000000080084f4       0x54 ./Middlewares/Third_Party/FreeRTOS/Source/portable/GCC/ARM_CM4F/port.o
                0x00000000080084f4                vPortExitCritical
 *fill*         0x0000000008008548        0x8 
 .text.PendSV_Handler
                0x0000000008008550       0x68 ./Middlewares/Third_Party/FreeRTOS/Source/portable/GCC/ARM_CM4F/port.o
                0x0000000008008550                PendSV_Handler
 .text.SysTick_Handler
                0x00000000080085b8       0x44 ./Middlewares/Third_Party/FreeRTOS/Source/portable/GCC/ARM_CM4F/port.o
                0x00000000080085b8                SysTick_Handler
 .text.vPortSetupTimerInterrupt
                0x00000000080085fc       0x48 ./Middlewares/Third_Party/FreeRTOS/Source/portable/GCC/ARM_CM4F/port.o
                0x00000000080085fc                vPortSetupTimerInterrupt
 .text.vPortEnableVFP
                0x0000000008008644       0x14 ./Middlewares/Third_Party/FreeRTOS/Source/portable/GCC/ARM_CM4F/port.o
 .text.vPortValidateInterruptPriority
                0x0000000008008658       0x80 ./Middlewares/Third_Party/FreeRTOS/Source/portable/GCC/ARM_CM4F/port.o
                0x0000000008008658                vPortValidateInterruptPriority
 .text.pvPortMalloc
                0x00000000080086d8      0x198 ./Middlewares/Third_Party/FreeRTOS/Source/portable/MemMang/heap_4.o
                0x00000000080086d8                pvPortMalloc
 .text.vPortFree
                0x0000000008008870       0xc4 ./Middlewares/Third_Party/FreeRTOS/Source/portable/MemMang/heap_4.o
                0x0000000008008870                vPortFree
 .text.prvHeapInit
                0x0000000008008934       0xc4 ./Middlewares/Third_Party/FreeRTOS/Source/portable/MemMang/heap_4.o
 .text.prvInsertBlockIntoFreeList
                0x00000000080089f8       0xb4 ./Middlewares/Third_Party/FreeRTOS/Source/portable/MemMang/heap_4.o
 .text.__errno  0x0000000008008aac        0xc /Applications/STM32CubeIDE.app/Contents/Eclipse/plugins/com.st.stm32cube.ide.mcu.externaltools.gnu-tools-for-stm32.9-2020-q2-update.macos64_2.0.0.202105311346/tools/bin/../lib/gcc/arm-none-eabi/9.3.1/../../../../arm-none-eabi/lib/thumb/v7e-m+fp/hard/libc_nano.a(lib_a-errno.o)
                0x0000000008008aac                __errno
 .text.__libc_init_array
                0x0000000008008ab8       0x48 /Applications/STM32CubeIDE.app/Contents/Eclipse/plugins/com.st.stm32cube.ide.mcu.externaltools.gnu-tools-for-stm32.9-2020-q2-update.macos64_2.0.0.202105311346/tools/bin/../lib/gcc/arm-none-eabi/9.3.1/../../../../arm-none-eabi/lib/thumb/v7e-m+fp/hard/libc_nano.a(lib_a-init.o)
                0x0000000008008ab8                __libc_init_array
 .text.__retarget_lock_acquire_recursive
                0x0000000008008b00        0x2 /Applications/STM32CubeIDE.app/Contents/Eclipse/plugins/com.st.stm32cube.ide.mcu.externaltools.gnu-tools-for-stm32.9-2020-q2-update.macos64_2.0.0.202105311346/tools/bin/../lib/gcc/arm-none-eabi/9.3.1/../../../../arm-none-eabi/lib/thumb/v7e-m+fp/hard/libc_nano.a(lib_a-lock.o)
                0x0000000008008b00                __retarget_lock_acquire_recursive
 .text.__retarget_lock_release_recursive
                0x0000000008008b02        0x2 /Applications/STM32CubeIDE.app/Contents/Eclipse/plugins/com.st.stm32cube.ide.mcu.externaltools.gnu-tools-for-stm32.9-2020-q2-update.macos64_2.0.0.202105311346/tools/bin/../lib/gcc/arm-none-eabi/9.3.1/../../../../arm-none-eabi/lib/thumb/v7e-m+fp/hard/libc_nano.a(lib_a-lock.o)
                0x0000000008008b02                __retarget_lock_release_recursive
 .text.memcpy   0x0000000008008b04       0x1c /Applications/STM32CubeIDE.app/Contents/Eclipse/plugins/com.st.stm32cube.ide.mcu.externaltools.gnu-tools-for-stm32.9-2020-q2-update.macos64_2.0.0.202105311346/tools/bin/../lib/gcc/arm-none-eabi/9.3.1/../../../../arm-none-eabi/lib/thumb/v7e-m+fp/hard/libc_nano.a(lib_a-memcpy-stub.o)
                0x0000000008008b04                memcpy
 .text.memset   0x0000000008008b20       0x10 /Applications/STM32CubeIDE.app/Contents/Eclipse/plugins/com.st.stm32cube.ide.mcu.externaltools.gnu-tools-for-stm32.9-2020-q2-update.macos64_2.0.0.202105311346/tools/bin/../lib/gcc/arm-none-eabi/9.3.1/../../../../arm-none-eabi/lib/thumb/v7e-m+fp/hard/libc_nano.a(lib_a-memset.o)
                0x0000000008008b20                memset
 .text._malloc_r
                0x0000000008008b30       0xb4 /Applications/STM32CubeIDE.app/Contents/Eclipse/plugins/com.st.stm32cube.ide.mcu.externaltools.gnu-tools-for-stm32.9-2020-q2-update.macos64_2.0.0.202105311346/tools/bin/../lib/gcc/arm-none-eabi/9.3.1/../../../../arm-none-eabi/lib/thumb/v7e-m+fp/hard/libc_nano.a(lib_a-nano-mallocr.o)
                0x0000000008008b30                _malloc_r
 .text.cleanup_glue
                0x0000000008008be4       0x1a /Applications/STM32CubeIDE.app/Contents/Eclipse/plugins/com.st.stm32cube.ide.mcu.externaltools.gnu-tools-for-stm32.9-2020-q2-update.macos64_2.0.0.202105311346/tools/bin/../lib/gcc/arm-none-eabi/9.3.1/../../../../arm-none-eabi/lib/thumb/v7e-m+fp/hard/libc_nano.a(lib_a-reent.o)
                0x0000000008008be4                cleanup_glue
 *fill*         0x0000000008008bfe        0x2 
 .text._reclaim_reent
                0x0000000008008c00       0xb8 /Applications/STM32CubeIDE.app/Contents/Eclipse/plugins/com.st.stm32cube.ide.mcu.externaltools.gnu-tools-for-stm32.9-2020-q2-update.macos64_2.0.0.202105311346/tools/bin/../lib/gcc/arm-none-eabi/9.3.1/../../../../arm-none-eabi/lib/thumb/v7e-m+fp/hard/libc_nano.a(lib_a-reent.o)
                0x0000000008008c00                _reclaim_reent
 .text._sbrk_r  0x0000000008008cb8       0x20 /Applications/STM32CubeIDE.app/Contents/Eclipse/plugins/com.st.stm32cube.ide.mcu.externaltools.gnu-tools-for-stm32.9-2020-q2-update.macos64_2.0.0.202105311346/tools/bin/../lib/gcc/arm-none-eabi/9.3.1/../../../../arm-none-eabi/lib/thumb/v7e-m+fp/hard/libc_nano.a(lib_a-sbrkr.o)
                0x0000000008008cb8                _sbrk_r
 .text.sprintf  0x0000000008008cd8       0x40 /Applications/STM32CubeIDE.app/Contents/Eclipse/plugins/com.st.stm32cube.ide.mcu.externaltools.gnu-tools-for-stm32.9-2020-q2-update.macos64_2.0.0.202105311346/tools/bin/../lib/gcc/arm-none-eabi/9.3.1/../../../../arm-none-eabi/lib/thumb/v7e-m+fp/hard/libc_nano.a(lib_a-sprintf.o)
                0x0000000008008cd8                sprintf
                0x0000000008008cd8                siprintf
 .text.__malloc_lock
                0x0000000008008d18        0xc /Applications/STM32CubeIDE.app/Contents/Eclipse/plugins/com.st.stm32cube.ide.mcu.externaltools.gnu-tools-for-stm32.9-2020-q2-update.macos64_2.0.0.202105311346/tools/bin/../lib/gcc/arm-none-eabi/9.3.1/../../../../arm-none-eabi/lib/thumb/v7e-m+fp/hard/libc_nano.a(lib_a-mlock.o)
                0x0000000008008d18                __malloc_lock
 .text.__malloc_unlock
                0x0000000008008d24        0xc /Applications/STM32CubeIDE.app/Contents/Eclipse/plugins/com.st.stm32cube.ide.mcu.externaltools.gnu-tools-for-stm32.9-2020-q2-update.macos64_2.0.0.202105311346/tools/bin/../lib/gcc/arm-none-eabi/9.3.1/../../../../arm-none-eabi/lib/thumb/v7e-m+fp/hard/libc_nano.a(lib_a-mlock.o)
                0x0000000008008d24                __malloc_unlock
 .text._free_r  0x0000000008008d30       0xa0 /Applications/STM32CubeIDE.app/Contents/Eclipse/plugins/com.st.stm32cube.ide.mcu.externaltools.gnu-tools-for-stm32.9-2020-q2-update.macos64_2.0.0.202105311346/tools/bin/../lib/gcc/arm-none-eabi/9.3.1/../../../../arm-none-eabi/lib/thumb/v7e-m+fp/hard/libc_nano.a(lib_a-nano-freer.o)
                0x0000000008008d30                _free_r
 .text.__ssputs_r
                0x0000000008008dd0       0xb6 /Applications/STM32CubeIDE.app/Contents/Eclipse/plugins/com.st.stm32cube.ide.mcu.externaltools.gnu-tools-for-stm32.9-2020-q2-update.macos64_2.0.0.202105311346/tools/bin/../lib/gcc/arm-none-eabi/9.3.1/../../../../arm-none-eabi/lib/thumb/v7e-m+fp/hard/libc_nano.a(lib_a-nano-svfprintf.o)
                0x0000000008008dd0                __ssputs_r
 *fill*         0x0000000008008e86        0x2 
 .text._svfprintf_r
                0x0000000008008e88      0x200 /Applications/STM32CubeIDE.app/Contents/Eclipse/plugins/com.st.stm32cube.ide.mcu.externaltools.gnu-tools-for-stm32.9-2020-q2-update.macos64_2.0.0.202105311346/tools/bin/../lib/gcc/arm-none-eabi/9.3.1/../../../../arm-none-eabi/lib/thumb/v7e-m+fp/hard/libc_nano.a(lib_a-nano-svfprintf.o)
                0x0000000008008e88                _svfprintf_r
                0x0000000008008e88                _svfiprintf_r
 .text._printf_common
                0x0000000008009088       0xda /Applications/STM32CubeIDE.app/Contents/Eclipse/plugins/com.st.stm32cube.ide.mcu.externaltools.gnu-tools-for-stm32.9-2020-q2-update.macos64_2.0.0.202105311346/tools/bin/../lib/gcc/arm-none-eabi/9.3.1/../../../../arm-none-eabi/lib/thumb/v7e-m+fp/hard/libc_nano.a(lib_a-nano-vfprintf_i.o)
                0x0000000008009088                _printf_common
 *fill*         0x0000000008009162        0x2 
 .text._printf_i
                0x0000000008009164      0x24c /Applications/STM32CubeIDE.app/Contents/Eclipse/plugins/com.st.stm32cube.ide.mcu.externaltools.gnu-tools-for-stm32.9-2020-q2-update.macos64_2.0.0.202105311346/tools/bin/../lib/gcc/arm-none-eabi/9.3.1/../../../../arm-none-eabi/lib/thumb/v7e-m+fp/hard/libc_nano.a(lib_a-nano-vfprintf_i.o)
                0x0000000008009164                _printf_i
 .text.memmove  0x00000000080093b0       0x34 /Applications/STM32CubeIDE.app/Contents/Eclipse/plugins/com.st.stm32cube.ide.mcu.externaltools.gnu-tools-for-stm32.9-2020-q2-update.macos64_2.0.0.202105311346/tools/bin/../lib/gcc/arm-none-eabi/9.3.1/../../../../arm-none-eabi/lib/thumb/v7e-m+fp/hard/libc_nano.a(lib_a-memmove.o)
                0x00000000080093b0                memmove
 .text._realloc_r
                0x00000000080093e4       0x4c /Applications/STM32CubeIDE.app/Contents/Eclipse/plugins/com.st.stm32cube.ide.mcu.externaltools.gnu-tools-for-stm32.9-2020-q2-update.macos64_2.0.0.202105311346/tools/bin/../lib/gcc/arm-none-eabi/9.3.1/../../../../arm-none-eabi/lib/thumb/v7e-m+fp/hard/libc_nano.a(lib_a-nano-reallocr.o)
                0x00000000080093e4                _realloc_r
 .text._malloc_usable_size_r
                0x0000000008009430       0x10 /Applications/STM32CubeIDE.app/Contents/Eclipse/plugins/com.st.stm32cube.ide.mcu.externaltools.gnu-tools-for-stm32.9-2020-q2-update.macos64_2.0.0.202105311346/tools/bin/../lib/gcc/arm-none-eabi/9.3.1/../../../../arm-none-eabi/lib/thumb/v7e-m+fp/hard/libc_nano.a(lib_a-nano-msizer.o)
                0x0000000008009430                _malloc_usable_size_r
 *(.glue_7)
 .glue_7        0x0000000008009440        0x0 linker stubs
 *(.glue_7t)
 .glue_7t       0x0000000008009440        0x0 linker stubs
 *(.eh_frame)
 .eh_frame      0x0000000008009440        0x0 /Applications/STM32CubeIDE.app/Contents/Eclipse/plugins/com.st.stm32cube.ide.mcu.externaltools.gnu-tools-for-stm32.9-2020-q2-update.macos64_2.0.0.202105311346/tools/bin/../lib/gcc/arm-none-eabi/9.3.1/thumb/v7e-m+fp/hard/crtbegin.o
 *(.init)
 .init          0x0000000008009440        0x4 /Applications/STM32CubeIDE.app/Contents/Eclipse/plugins/com.st.stm32cube.ide.mcu.externaltools.gnu-tools-for-stm32.9-2020-q2-update.macos64_2.0.0.202105311346/tools/bin/../lib/gcc/arm-none-eabi/9.3.1/thumb/v7e-m+fp/hard/crti.o
                0x0000000008009440                _init
 .init          0x0000000008009444        0x8 /Applications/STM32CubeIDE.app/Contents/Eclipse/plugins/com.st.stm32cube.ide.mcu.externaltools.gnu-tools-for-stm32.9-2020-q2-update.macos64_2.0.0.202105311346/tools/bin/../lib/gcc/arm-none-eabi/9.3.1/thumb/v7e-m+fp/hard/crtn.o
 *(.fini)
 .fini          0x000000000800944c        0x4 /Applications/STM32CubeIDE.app/Contents/Eclipse/plugins/com.st.stm32cube.ide.mcu.externaltools.gnu-tools-for-stm32.9-2020-q2-update.macos64_2.0.0.202105311346/tools/bin/../lib/gcc/arm-none-eabi/9.3.1/thumb/v7e-m+fp/hard/crti.o
                0x000000000800944c                _fini
 .fini          0x0000000008009450        0x8 /Applications/STM32CubeIDE.app/Contents/Eclipse/plugins/com.st.stm32cube.ide.mcu.externaltools.gnu-tools-for-stm32.9-2020-q2-update.macos64_2.0.0.202105311346/tools/bin/../lib/gcc/arm-none-eabi/9.3.1/thumb/v7e-m+fp/hard/crtn.o
                0x0000000008009458                . = ALIGN (0x4)
                0x0000000008009458                _etext = .

.vfp11_veneer   0x0000000008009458        0x0
 .vfp11_veneer  0x0000000008009458        0x0 linker stubs

.v4_bx          0x0000000008009458        0x0
 .v4_bx         0x0000000008009458        0x0 linker stubs

.iplt           0x0000000008009458        0x0
 .iplt          0x0000000008009458        0x0 /Applications/STM32CubeIDE.app/Contents/Eclipse/plugins/com.st.stm32cube.ide.mcu.externaltools.gnu-tools-for-stm32.9-2020-q2-update.macos64_2.0.0.202105311346/tools/bin/../lib/gcc/arm-none-eabi/9.3.1/thumb/v7e-m+fp/hard/crtbegin.o

.rodata         0x0000000008009458      0x118
                0x0000000008009458                . = ALIGN (0x4)
 *(.rodata)
 .rodata        0x0000000008009458       0x34 ./Core/Src/main.o
 .rodata        0x000000000800948c        0x5 ./Middlewares/Third_Party/FreeRTOS/Source/tasks.o
 *(.rodata*)
 *fill*         0x0000000008009491        0x3 
 .rodata.AHBPrescTable
                0x0000000008009494       0x10 ./Core/Src/system_stm32l4xx.o
                0x0000000008009494                AHBPrescTable
 .rodata.APBPrescTable
                0x00000000080094a4        0x8 ./Core/Src/system_stm32l4xx.o
                0x00000000080094a4                APBPrescTable
 .rodata.MSIRangeTable
                0x00000000080094ac       0x30 ./Core/Src/system_stm32l4xx.o
                0x00000000080094ac                MSIRangeTable
 .rodata.__sf_fake_stderr
                0x00000000080094dc       0x20 /Applications/STM32CubeIDE.app/Contents/Eclipse/plugins/com.st.stm32cube.ide.mcu.externaltools.gnu-tools-for-stm32.9-2020-q2-update.macos64_2.0.0.202105311346/tools/bin/../lib/gcc/arm-none-eabi/9.3.1/../../../../arm-none-eabi/lib/thumb/v7e-m+fp/hard/libc_nano.a(lib_a-findfp.o)
                0x00000000080094dc                __sf_fake_stderr
 .rodata.__sf_fake_stdin
                0x00000000080094fc       0x20 /Applications/STM32CubeIDE.app/Contents/Eclipse/plugins/com.st.stm32cube.ide.mcu.externaltools.gnu-tools-for-stm32.9-2020-q2-update.macos64_2.0.0.202105311346/tools/bin/../lib/gcc/arm-none-eabi/9.3.1/../../../../arm-none-eabi/lib/thumb/v7e-m+fp/hard/libc_nano.a(lib_a-findfp.o)
                0x00000000080094fc                __sf_fake_stdin
 .rodata.__sf_fake_stdout
                0x000000000800951c       0x20 /Applications/STM32CubeIDE.app/Contents/Eclipse/plugins/com.st.stm32cube.ide.mcu.externaltools.gnu-tools-for-stm32.9-2020-q2-update.macos64_2.0.0.202105311346/tools/bin/../lib/gcc/arm-none-eabi/9.3.1/../../../../arm-none-eabi/lib/thumb/v7e-m+fp/hard/libc_nano.a(lib_a-findfp.o)
                0x000000000800951c                __sf_fake_stdout
 .rodata._svfprintf_r.str1.1
                0x000000000800953c       0x11 /Applications/STM32CubeIDE.app/Contents/Eclipse/plugins/com.st.stm32cube.ide.mcu.externaltools.gnu-tools-for-stm32.9-2020-q2-update.macos64_2.0.0.202105311346/tools/bin/../lib/gcc/arm-none-eabi/9.3.1/../../../../arm-none-eabi/lib/thumb/v7e-m+fp/hard/libc_nano.a(lib_a-nano-svfprintf.o)
 .rodata._printf_i.str1.1
                0x000000000800954d       0x22 /Applications/STM32CubeIDE.app/Contents/Eclipse/plugins/com.st.stm32cube.ide.mcu.externaltools.gnu-tools-for-stm32.9-2020-q2-update.macos64_2.0.0.202105311346/tools/bin/../lib/gcc/arm-none-eabi/9.3.1/../../../../arm-none-eabi/lib/thumb/v7e-m+fp/hard/libc_nano.a(lib_a-nano-vfprintf_i.o)
                0x0000000008009570                . = ALIGN (0x4)
 *fill*         0x000000000800956f        0x1 

.rel.dyn        0x0000000008009570        0x0
 .rel.iplt      0x0000000008009570        0x0 /Applications/STM32CubeIDE.app/Contents/Eclipse/plugins/com.st.stm32cube.ide.mcu.externaltools.gnu-tools-for-stm32.9-2020-q2-update.macos64_2.0.0.202105311346/tools/bin/../lib/gcc/arm-none-eabi/9.3.1/thumb/v7e-m+fp/hard/crtbegin.o

.ARM.extab      0x0000000008009570        0x0
                0x0000000008009570                . = ALIGN (0x4)
 *(.ARM.extab* .gnu.linkonce.armextab.*)
                0x0000000008009570                . = ALIGN (0x4)

.ARM            0x0000000008009570        0x0
                0x0000000008009570                . = ALIGN (0x4)
                0x0000000008009570                __exidx_start = .
 *(.ARM.exidx*)
                0x0000000008009570                __exidx_end = .
                0x0000000008009570                . = ALIGN (0x4)

.preinit_array  0x0000000008009570        0x0
                0x0000000008009570                . = ALIGN (0x4)
                0x0000000008009570                PROVIDE (__preinit_array_start = .)
 *(.preinit_array*)
                0x0000000008009570                PROVIDE (__preinit_array_end = .)
                0x0000000008009570                . = ALIGN (0x4)

.init_array     0x0000000008009570        0x4
                0x0000000008009570                . = ALIGN (0x4)
                0x0000000008009570                PROVIDE (__init_array_start = .)
 *(SORT_BY_NAME(.init_array.*))
 *(.init_array*)
 .init_array    0x0000000008009570        0x4 /Applications/STM32CubeIDE.app/Contents/Eclipse/plugins/com.st.stm32cube.ide.mcu.externaltools.gnu-tools-for-stm32.9-2020-q2-update.macos64_2.0.0.202105311346/tools/bin/../lib/gcc/arm-none-eabi/9.3.1/thumb/v7e-m+fp/hard/crtbegin.o
                0x0000000008009574                PROVIDE (__init_array_end = .)
                0x0000000008009574                . = ALIGN (0x4)

.fini_array     0x0000000008009574        0x4
                0x0000000008009574                . = ALIGN (0x4)
                [!provide]                        PROVIDE (__fini_array_start = .)
 *(SORT_BY_NAME(.fini_array.*))
 *(.fini_array*)
 .fini_array    0x0000000008009574        0x4 /Applications/STM32CubeIDE.app/Contents/Eclipse/plugins/com.st.stm32cube.ide.mcu.externaltools.gnu-tools-for-stm32.9-2020-q2-update.macos64_2.0.0.202105311346/tools/bin/../lib/gcc/arm-none-eabi/9.3.1/thumb/v7e-m+fp/hard/crtbegin.o
                [!provide]                        PROVIDE (__fini_array_end = .)
                0x0000000008009578                . = ALIGN (0x4)
                0x0000000008009578                _sidata = LOADADDR (.data)

.data           0x0000000020000000       0x74 load address 0x0000000008009578
                0x0000000020000000                . = ALIGN (0x4)
                0x0000000020000000                _sdata = .
 *(.data)
 *(.data*)
 .data.SystemCoreClock
                0x0000000020000000        0x4 ./Core/Src/system_stm32l4xx.o
                0x0000000020000000                SystemCoreClock
 .data.uwTickPrio
                0x0000000020000004        0x4 ./Drivers/STM32L4xx_HAL_Driver/Src/stm32l4xx_hal.o
                0x0000000020000004                uwTickPrio
 .data.uwTickFreq
                0x0000000020000008        0x1 ./Drivers/STM32L4xx_HAL_Driver/Src/stm32l4xx_hal.o
                0x0000000020000008                uwTickFreq
 *fill*         0x0000000020000009        0x3 
 .data.uxCriticalNesting
                0x000000002000000c        0x4 ./Middlewares/Third_Party/FreeRTOS/Source/portable/GCC/ARM_CM4F/port.o
 .data._impure_ptr
                0x0000000020000010        0x4 /Applications/STM32CubeIDE.app/Contents/Eclipse/plugins/com.st.stm32cube.ide.mcu.externaltools.gnu-tools-for-stm32.9-2020-q2-update.macos64_2.0.0.202105311346/tools/bin/../lib/gcc/arm-none-eabi/9.3.1/../../../../arm-none-eabi/lib/thumb/v7e-m+fp/hard/libc_nano.a(lib_a-impure.o)
                0x0000000020000010                _impure_ptr
 .data.impure_data
                0x0000000020000014       0x60 /Applications/STM32CubeIDE.app/Contents/Eclipse/plugins/com.st.stm32cube.ide.mcu.externaltools.gnu-tools-for-stm32.9-2020-q2-update.macos64_2.0.0.202105311346/tools/bin/../lib/gcc/arm-none-eabi/9.3.1/../../../../arm-none-eabi/lib/thumb/v7e-m+fp/hard/libc_nano.a(lib_a-impure.o)
 *(.RamFunc)
 *(.RamFunc*)
                0x0000000020000074                . = ALIGN (0x4)
                0x0000000020000074                _edata = .

.igot.plt       0x0000000020000074        0x0 load address 0x00000000080095ec
 .igot.plt      0x0000000020000074        0x0 /Applications/STM32CubeIDE.app/Contents/Eclipse/plugins/com.st.stm32cube.ide.mcu.externaltools.gnu-tools-for-stm32.9-2020-q2-update.macos64_2.0.0.202105311346/tools/bin/../lib/gcc/arm-none-eabi/9.3.1/thumb/v7e-m+fp/hard/crtbegin.o
                0x0000000020000074                . = ALIGN (0x4)

.bss            0x0000000020000074     0x1160 load address 0x00000000080095ec
                0x0000000020000074                _sbss = .
                0x0000000020000074                __bss_start__ = _sbss
 *(.bss)
 .bss           0x0000000020000074       0x1c /Applications/STM32CubeIDE.app/Contents/Eclipse/plugins/com.st.stm32cube.ide.mcu.externaltools.gnu-tools-for-stm32.9-2020-q2-update.macos64_2.0.0.202105311346/tools/bin/../lib/gcc/arm-none-eabi/9.3.1/thumb/v7e-m+fp/hard/crtbegin.o
 *(.bss*)
 .bss.xIdleTaskTCBBuffer
                0x0000000020000090       0xb4 ./Core/Src/freertos.o
 .bss.xIdleStack
                0x0000000020000144      0x200 ./Core/Src/freertos.o
 .bss.uart_1_mutex
                0x0000000020000344        0x4 ./Core/Src/main.o
                0x0000000020000344                uart_1_mutex
 .bss.uart_2_mutex
                0x0000000020000348        0x4 ./Core/Src/main.o
                0x0000000020000348                uart_2_mutex
 .bss.__sbrk_heap_end
                0x000000002000034c        0x4 ./Core/Src/sysmem.o
 .bss.pxCurrentTCB
                0x0000000020000350        0x4 ./Middlewares/Third_Party/FreeRTOS/Source/tasks.o
                0x0000000020000350                pxCurrentTCB
 .bss.pxReadyTasksLists
                0x0000000020000354       0x8c ./Middlewares/Third_Party/FreeRTOS/Source/tasks.o
 .bss.xDelayedTaskList1
                0x00000000200003e0       0x14 ./Middlewares/Third_Party/FreeRTOS/Source/tasks.o
 .bss.xDelayedTaskList2
                0x00000000200003f4       0x14 ./Middlewares/Third_Party/FreeRTOS/Source/tasks.o
 .bss.pxDelayedTaskList
                0x0000000020000408        0x4 ./Middlewares/Third_Party/FreeRTOS/Source/tasks.o
 .bss.pxOverflowDelayedTaskList
                0x000000002000040c        0x4 ./Middlewares/Third_Party/FreeRTOS/Source/tasks.o
 .bss.xPendingReadyList
                0x0000000020000410       0x14 ./Middlewares/Third_Party/FreeRTOS/Source/tasks.o
 .bss.xTasksWaitingTermination
                0x0000000020000424       0x14 ./Middlewares/Third_Party/FreeRTOS/Source/tasks.o
 .bss.uxDeletedTasksWaitingCleanUp
                0x0000000020000438        0x4 ./Middlewares/Third_Party/FreeRTOS/Source/tasks.o
 .bss.xSuspendedTaskList
                0x000000002000043c       0x14 ./Middlewares/Third_Party/FreeRTOS/Source/tasks.o
 .bss.uxCurrentNumberOfTasks
                0x0000000020000450        0x4 ./Middlewares/Third_Party/FreeRTOS/Source/tasks.o
 .bss.xTickCount
                0x0000000020000454        0x4 ./Middlewares/Third_Party/FreeRTOS/Source/tasks.o
 .bss.uxTopReadyPriority
                0x0000000020000458        0x4 ./Middlewares/Third_Party/FreeRTOS/Source/tasks.o
 .bss.xSchedulerRunning
                0x000000002000045c        0x4 ./Middlewares/Third_Party/FreeRTOS/Source/tasks.o
 .bss.xPendedTicks
                0x0000000020000460        0x4 ./Middlewares/Third_Party/FreeRTOS/Source/tasks.o
 .bss.xYieldPending
                0x0000000020000464        0x4 ./Middlewares/Third_Party/FreeRTOS/Source/tasks.o
 .bss.xNumOfOverflows
                0x0000000020000468        0x4 ./Middlewares/Third_Party/FreeRTOS/Source/tasks.o
 .bss.uxTaskNumber
                0x000000002000046c        0x4 ./Middlewares/Third_Party/FreeRTOS/Source/tasks.o
 .bss.xNextTaskUnblockTime
                0x0000000020000470        0x4 ./Middlewares/Third_Party/FreeRTOS/Source/tasks.o
 .bss.xIdleTaskHandle
                0x0000000020000474        0x4 ./Middlewares/Third_Party/FreeRTOS/Source/tasks.o
 .bss.uxSchedulerSuspended
                0x0000000020000478        0x4 ./Middlewares/Third_Party/FreeRTOS/Source/tasks.o
 .bss.ucMaxSysCallPriority
                0x000000002000047c        0x1 ./Middlewares/Third_Party/FreeRTOS/Source/portable/GCC/ARM_CM4F/port.o
 *fill*         0x000000002000047d        0x3 
 .bss.ulMaxPRIGROUPValue
                0x0000000020000480        0x4 ./Middlewares/Third_Party/FreeRTOS/Source/portable/GCC/ARM_CM4F/port.o
 .bss.ucHeap    0x0000000020000484      0xbb8 ./Middlewares/Third_Party/FreeRTOS/Source/portable/MemMang/heap_4.o
 .bss.xStart    0x000000002000103c        0x8 ./Middlewares/Third_Party/FreeRTOS/Source/portable/MemMang/heap_4.o
 .bss.pxEnd     0x0000000020001044        0x4 ./Middlewares/Third_Party/FreeRTOS/Source/portable/MemMang/heap_4.o
 .bss.xFreeBytesRemaining
                0x0000000020001048        0x4 ./Middlewares/Third_Party/FreeRTOS/Source/portable/MemMang/heap_4.o
 .bss.xMinimumEverFreeBytesRemaining
                0x000000002000104c        0x4 ./Middlewares/Third_Party/FreeRTOS/Source/portable/MemMang/heap_4.o
 .bss.xNumberOfSuccessfulAllocations
                0x0000000020001050        0x4 ./Middlewares/Third_Party/FreeRTOS/Source/portable/MemMang/heap_4.o
 .bss.xNumberOfSuccessfulFrees
                0x0000000020001054        0x4 ./Middlewares/Third_Party/FreeRTOS/Source/portable/MemMang/heap_4.o
 .bss.xBlockAllocatedBit
                0x0000000020001058        0x4 ./Middlewares/Third_Party/FreeRTOS/Source/portable/MemMang/heap_4.o
 .bss.__malloc_free_list
                0x000000002000105c        0x4 /Applications/STM32CubeIDE.app/Contents/Eclipse/plugins/com.st.stm32cube.ide.mcu.externaltools.gnu-tools-for-stm32.9-2020-q2-update.macos64_2.0.0.202105311346/tools/bin/../lib/gcc/arm-none-eabi/9.3.1/../../../../arm-none-eabi/lib/thumb/v7e-m+fp/hard/libc_nano.a(lib_a-nano-mallocr.o)
                0x000000002000105c                __malloc_free_list
 .bss.__malloc_sbrk_start
                0x0000000020001060        0x4 /Applications/STM32CubeIDE.app/Contents/Eclipse/plugins/com.st.stm32cube.ide.mcu.externaltools.gnu-tools-for-stm32.9-2020-q2-update.macos64_2.0.0.202105311346/tools/bin/../lib/gcc/arm-none-eabi/9.3.1/../../../../arm-none-eabi/lib/thumb/v7e-m+fp/hard/libc_nano.a(lib_a-nano-mallocr.o)
                0x0000000020001060                __malloc_sbrk_start
 *(COMMON)
 COMMON         0x0000000020001064      0x110 ./Core/Src/main.o
                0x0000000020001064                defaultTaskHandle
                0x0000000020001068                rx_queue_1
                0x000000002000106c                htim3
                0x00000000200010b8                hadc1
                0x000000002000111c                tx_queue_2
                0x0000000020001120                rx_queue_2
                0x0000000020001124                htim2
                0x0000000020001170                tx_queue_1
 COMMON         0x0000000020001174       0x4c ./Core/Src/stm32l4xx_hal_timebase_tim.o
                0x0000000020001174                htim1
 COMMON         0x00000000200011c0        0x4 ./Drivers/STM32L4xx_HAL_Driver/Src/stm32l4xx_hal.o
                0x00000000200011c0                uwTick
 COMMON         0x00000000200011c4        0x9 /Applications/STM32CubeIDE.app/Contents/Eclipse/plugins/com.st.stm32cube.ide.mcu.externaltools.gnu-tools-for-stm32.9-2020-q2-update.macos64_2.0.0.202105311346/tools/bin/../lib/gcc/arm-none-eabi/9.3.1/../../../../arm-none-eabi/lib/thumb/v7e-m+fp/hard/libc_nano.a(lib_a-lock.o)
                0x00000000200011c4                __lock___atexit_recursive_mutex
                0x00000000200011c5                __lock___arc4random_mutex
                0x00000000200011c6                __lock___env_recursive_mutex
                0x00000000200011c7                __lock___sinit_recursive_mutex
                0x00000000200011c8                __lock___malloc_recursive_mutex
                0x00000000200011c9                __lock___at_quick_exit_mutex
                0x00000000200011ca                __lock___dd_hash_mutex
                0x00000000200011cb                __lock___tz_mutex
                0x00000000200011cc                __lock___sfp_recursive_mutex
 *fill*         0x00000000200011cd        0x3 
 COMMON         0x00000000200011d0        0x4 /Applications/STM32CubeIDE.app/Contents/Eclipse/plugins/com.st.stm32cube.ide.mcu.externaltools.gnu-tools-for-stm32.9-2020-q2-update.macos64_2.0.0.202105311346/tools/bin/../lib/gcc/arm-none-eabi/9.3.1/../../../../arm-none-eabi/lib/thumb/v7e-m+fp/hard/libc_nano.a(lib_a-reent.o)
                0x00000000200011d0                errno
                0x00000000200011d4                . = ALIGN (0x4)
                0x00000000200011d4                _ebss = .
                0x00000000200011d4                __bss_end__ = _ebss

._user_heap_stack
                0x00000000200011d4      0x604 load address 0x00000000080095ec
                0x00000000200011d8                . = ALIGN (0x8)
 *fill*         0x00000000200011d4        0x4 
                [!provide]                        PROVIDE (end = .)
                0x00000000200011d8                PROVIDE (_end = .)
                0x00000000200013d8                . = (. + _Min_Heap_Size)
 *fill*         0x00000000200011d8      0x200 
                0x00000000200017d8                . = (. + _Min_Stack_Size)
 *fill*         0x00000000200013d8      0x400 
                0x00000000200017d8                . = ALIGN (0x8)

/DISCARD/
 libc.a(*)
 libm.a(*)
 libgcc.a(*)

.ARM.attributes
                0x0000000000000000       0x30
 *(.ARM.attributes)
 .ARM.attributes
                0x0000000000000000       0x1e /Applications/STM32CubeIDE.app/Contents/Eclipse/plugins/com.st.stm32cube.ide.mcu.externaltools.gnu-tools-for-stm32.9-2020-q2-update.macos64_2.0.0.202105311346/tools/bin/../lib/gcc/arm-none-eabi/9.3.1/thumb/v7e-m+fp/hard/crti.o
 .ARM.attributes
                0x000000000000001e       0x34 /Applications/STM32CubeIDE.app/Contents/Eclipse/plugins/com.st.stm32cube.ide.mcu.externaltools.gnu-tools-for-stm32.9-2020-q2-update.macos64_2.0.0.202105311346/tools/bin/../lib/gcc/arm-none-eabi/9.3.1/thumb/v7e-m+fp/hard/crtbegin.o
 .ARM.attributes
                0x0000000000000052       0x34 ./Core/Src/freertos.o
 .ARM.attributes
                0x0000000000000086       0x34 ./Core/Src/main.o
 .ARM.attributes
                0x00000000000000ba       0x34 ./Core/Src/stm32l4xx_hal_msp.o
 .ARM.attributes
                0x00000000000000ee       0x34 ./Core/Src/stm32l4xx_hal_timebase_tim.o
 .ARM.attributes
                0x0000000000000122       0x34 ./Core/Src/stm32l4xx_it.o
 .ARM.attributes
                0x0000000000000156       0x34 ./Core/Src/sysmem.o
 .ARM.attributes
                0x000000000000018a       0x34 ./Core/Src/system_stm32l4xx.o
 .ARM.attributes
                0x00000000000001be       0x21 ./Core/Startup/startup_stm32l476rgtx.o
 .ARM.attributes
                0x00000000000001df       0x34 ./Drivers/STM32L4xx_HAL_Driver/Src/stm32l4xx_hal.o
 .ARM.attributes
                0x0000000000000213       0x34 ./Drivers/STM32L4xx_HAL_Driver/Src/stm32l4xx_hal_adc.o
 .ARM.attributes
                0x0000000000000247       0x34 ./Drivers/STM32L4xx_HAL_Driver/Src/stm32l4xx_hal_adc_ex.o
 .ARM.attributes
                0x000000000000027b       0x34 ./Drivers/STM32L4xx_HAL_Driver/Src/stm32l4xx_hal_cortex.o
 .ARM.attributes
                0x00000000000002af       0x34 ./Drivers/STM32L4xx_HAL_Driver/Src/stm32l4xx_hal_gpio.o
 .ARM.attributes
                0x00000000000002e3       0x34 ./Drivers/STM32L4xx_HAL_Driver/Src/stm32l4xx_hal_pwr_ex.o
 .ARM.attributes
                0x0000000000000317       0x34 ./Drivers/STM32L4xx_HAL_Driver/Src/stm32l4xx_hal_rcc.o
 .ARM.attributes
                0x000000000000034b       0x34 ./Drivers/STM32L4xx_HAL_Driver/Src/stm32l4xx_hal_rcc_ex.o
 .ARM.attributes
                0x000000000000037f       0x34 ./Drivers/STM32L4xx_HAL_Driver/Src/stm32l4xx_hal_tim.o
 .ARM.attributes
                0x00000000000003b3       0x34 ./Drivers/STM32L4xx_HAL_Driver/Src/stm32l4xx_hal_tim_ex.o
 .ARM.attributes
                0x00000000000003e7       0x34 ./Drivers/STM32L4xx_HAL_Driver/Src/stm32l4xx_ll_gpio.o
 .ARM.attributes
                0x000000000000041b       0x34 ./Drivers/STM32L4xx_HAL_Driver/Src/stm32l4xx_ll_rcc.o
 .ARM.attributes
                0x000000000000044f       0x34 ./Drivers/STM32L4xx_HAL_Driver/Src/stm32l4xx_ll_usart.o
 .ARM.attributes
                0x0000000000000483       0x34 ./Middlewares/Third_Party/FreeRTOS/Source/CMSIS_RTOS/cmsis_os.o
 .ARM.attributes
                0x00000000000004b7       0x34 ./Middlewares/Third_Party/FreeRTOS/Source/list.o
 .ARM.attributes
                0x00000000000004eb       0x34 ./Middlewares/Third_Party/FreeRTOS/Source/queue.o
 .ARM.attributes
                0x000000000000051f       0x34 ./Middlewares/Third_Party/FreeRTOS/Source/tasks.o
 .ARM.attributes
                0x0000000000000553       0x34 ./Middlewares/Third_Party/FreeRTOS/Source/portable/GCC/ARM_CM4F/port.o
 .ARM.attributes
                0x0000000000000587       0x34 ./Middlewares/Third_Party/FreeRTOS/Source/portable/MemMang/heap_4.o
 .ARM.attributes
                0x00000000000005bb       0x34 /Applications/STM32CubeIDE.app/Contents/Eclipse/plugins/com.st.stm32cube.ide.mcu.externaltools.gnu-tools-for-stm32.9-2020-q2-update.macos64_2.0.0.202105311346/tools/bin/../lib/gcc/arm-none-eabi/9.3.1/../../../../arm-none-eabi/lib/thumb/v7e-m+fp/hard/libc_nano.a(lib_a-errno.o)
 .ARM.attributes
                0x00000000000005ef       0x34 /Applications/STM32CubeIDE.app/Contents/Eclipse/plugins/com.st.stm32cube.ide.mcu.externaltools.gnu-tools-for-stm32.9-2020-q2-update.macos64_2.0.0.202105311346/tools/bin/../lib/gcc/arm-none-eabi/9.3.1/../../../../arm-none-eabi/lib/thumb/v7e-m+fp/hard/libc_nano.a(lib_a-findfp.o)
 .ARM.attributes
                0x0000000000000623       0x32 /Applications/STM32CubeIDE.app/Contents/Eclipse/plugins/com.st.stm32cube.ide.mcu.externaltools.gnu-tools-for-stm32.9-2020-q2-update.macos64_2.0.0.202105311346/tools/bin/../lib/gcc/arm-none-eabi/9.3.1/../../../../arm-none-eabi/lib/thumb/v7e-m+fp/hard/libc_nano.a(lib_a-impure.o)
 .ARM.attributes
                0x0000000000000655       0x34 /Applications/STM32CubeIDE.app/Contents/Eclipse/plugins/com.st.stm32cube.ide.mcu.externaltools.gnu-tools-for-stm32.9-2020-q2-update.macos64_2.0.0.202105311346/tools/bin/../lib/gcc/arm-none-eabi/9.3.1/../../../../arm-none-eabi/lib/thumb/v7e-m+fp/hard/libc_nano.a(lib_a-init.o)
 .ARM.attributes
                0x0000000000000689       0x34 /Applications/STM32CubeIDE.app/Contents/Eclipse/plugins/com.st.stm32cube.ide.mcu.externaltools.gnu-tools-for-stm32.9-2020-q2-update.macos64_2.0.0.202105311346/tools/bin/../lib/gcc/arm-none-eabi/9.3.1/../../../../arm-none-eabi/lib/thumb/v7e-m+fp/hard/libc_nano.a(lib_a-lock.o)
 .ARM.attributes
                0x00000000000006bd       0x34 /Applications/STM32CubeIDE.app/Contents/Eclipse/plugins/com.st.stm32cube.ide.mcu.externaltools.gnu-tools-for-stm32.9-2020-q2-update.macos64_2.0.0.202105311346/tools/bin/../lib/gcc/arm-none-eabi/9.3.1/../../../../arm-none-eabi/lib/thumb/v7e-m+fp/hard/libc_nano.a(lib_a-memcpy-stub.o)
 .ARM.attributes
                0x00000000000006f1       0x34 /Applications/STM32CubeIDE.app/Contents/Eclipse/plugins/com.st.stm32cube.ide.mcu.externaltools.gnu-tools-for-stm32.9-2020-q2-update.macos64_2.0.0.202105311346/tools/bin/../lib/gcc/arm-none-eabi/9.3.1/../../../../arm-none-eabi/lib/thumb/v7e-m+fp/hard/libc_nano.a(lib_a-memset.o)
 .ARM.attributes
                0x0000000000000725       0x34 /Applications/STM32CubeIDE.app/Contents/Eclipse/plugins/com.st.stm32cube.ide.mcu.externaltools.gnu-tools-for-stm32.9-2020-q2-update.macos64_2.0.0.202105311346/tools/bin/../lib/gcc/arm-none-eabi/9.3.1/../../../../arm-none-eabi/lib/thumb/v7e-m+fp/hard/libc_nano.a(lib_a-nano-mallocr.o)
 .ARM.attributes
                0x0000000000000759       0x34 /Applications/STM32CubeIDE.app/Contents/Eclipse/plugins/com.st.stm32cube.ide.mcu.externaltools.gnu-tools-for-stm32.9-2020-q2-update.macos64_2.0.0.202105311346/tools/bin/../lib/gcc/arm-none-eabi/9.3.1/../../../../arm-none-eabi/lib/thumb/v7e-m+fp/hard/libc_nano.a(lib_a-reent.o)
 .ARM.attributes
                0x000000000000078d       0x34 /Applications/STM32CubeIDE.app/Contents/Eclipse/plugins/com.st.stm32cube.ide.mcu.externaltools.gnu-tools-for-stm32.9-2020-q2-update.macos64_2.0.0.202105311346/tools/bin/../lib/gcc/arm-none-eabi/9.3.1/../../../../arm-none-eabi/lib/thumb/v7e-m+fp/hard/libc_nano.a(lib_a-sbrkr.o)
 .ARM.attributes
                0x00000000000007c1       0x34 /Applications/STM32CubeIDE.app/Contents/Eclipse/plugins/com.st.stm32cube.ide.mcu.externaltools.gnu-tools-for-stm32.9-2020-q2-update.macos64_2.0.0.202105311346/tools/bin/../lib/gcc/arm-none-eabi/9.3.1/../../../../arm-none-eabi/lib/thumb/v7e-m+fp/hard/libc_nano.a(lib_a-sprintf.o)
 .ARM.attributes
                0x00000000000007f5       0x34 /Applications/STM32CubeIDE.app/Contents/Eclipse/plugins/com.st.stm32cube.ide.mcu.externaltools.gnu-tools-for-stm32.9-2020-q2-update.macos64_2.0.0.202105311346/tools/bin/../lib/gcc/arm-none-eabi/9.3.1/../../../../arm-none-eabi/lib/thumb/v7e-m+fp/hard/libc_nano.a(lib_a-mlock.o)
 .ARM.attributes
                0x0000000000000829       0x34 /Applications/STM32CubeIDE.app/Contents/Eclipse/plugins/com.st.stm32cube.ide.mcu.externaltools.gnu-tools-for-stm32.9-2020-q2-update.macos64_2.0.0.202105311346/tools/bin/../lib/gcc/arm-none-eabi/9.3.1/../../../../arm-none-eabi/lib/thumb/v7e-m+fp/hard/libc_nano.a(lib_a-nano-freer.o)
 .ARM.attributes
                0x000000000000085d       0x34 /Applications/STM32CubeIDE.app/Contents/Eclipse/plugins/com.st.stm32cube.ide.mcu.externaltools.gnu-tools-for-stm32.9-2020-q2-update.macos64_2.0.0.202105311346/tools/bin/../lib/gcc/arm-none-eabi/9.3.1/../../../../arm-none-eabi/lib/thumb/v7e-m+fp/hard/libc_nano.a(lib_a-nano-svfprintf.o)
 .ARM.attributes
                0x0000000000000891       0x34 /Applications/STM32CubeIDE.app/Contents/Eclipse/plugins/com.st.stm32cube.ide.mcu.externaltools.gnu-tools-for-stm32.9-2020-q2-update.macos64_2.0.0.202105311346/tools/bin/../lib/gcc/arm-none-eabi/9.3.1/../../../../arm-none-eabi/lib/thumb/v7e-m+fp/hard/libc_nano.a(lib_a-nano-vfprintf_i.o)
 .ARM.attributes
                0x00000000000008c5       0x1c /Applications/STM32CubeIDE.app/Contents/Eclipse/plugins/com.st.stm32cube.ide.mcu.externaltools.gnu-tools-for-stm32.9-2020-q2-update.macos64_2.0.0.202105311346/tools/bin/../lib/gcc/arm-none-eabi/9.3.1/../../../../arm-none-eabi/lib/thumb/v7e-m+fp/hard/libc_nano.a(lib_a-memchr.o)
 .ARM.attributes
                0x00000000000008e1       0x34 /Applications/STM32CubeIDE.app/Contents/Eclipse/plugins/com.st.stm32cube.ide.mcu.externaltools.gnu-tools-for-stm32.9-2020-q2-update.macos64_2.0.0.202105311346/tools/bin/../lib/gcc/arm-none-eabi/9.3.1/../../../../arm-none-eabi/lib/thumb/v7e-m+fp/hard/libc_nano.a(lib_a-memmove.o)
 .ARM.attributes
                0x0000000000000915       0x34 /Applications/STM32CubeIDE.app/Contents/Eclipse/plugins/com.st.stm32cube.ide.mcu.externaltools.gnu-tools-for-stm32.9-2020-q2-update.macos64_2.0.0.202105311346/tools/bin/../lib/gcc/arm-none-eabi/9.3.1/../../../../arm-none-eabi/lib/thumb/v7e-m+fp/hard/libc_nano.a(lib_a-nano-reallocr.o)
 .ARM.attributes
                0x0000000000000949       0x34 /Applications/STM32CubeIDE.app/Contents/Eclipse/plugins/com.st.stm32cube.ide.mcu.externaltools.gnu-tools-for-stm32.9-2020-q2-update.macos64_2.0.0.202105311346/tools/bin/../lib/gcc/arm-none-eabi/9.3.1/../../../../arm-none-eabi/lib/thumb/v7e-m+fp/hard/libc_nano.a(lib_a-nano-msizer.o)
 .ARM.attributes
                0x000000000000097d       0x1e /Applications/STM32CubeIDE.app/Contents/Eclipse/plugins/com.st.stm32cube.ide.mcu.externaltools.gnu-tools-for-stm32.9-2020-q2-update.macos64_2.0.0.202105311346/tools/bin/../lib/gcc/arm-none-eabi/9.3.1/thumb/v7e-m+fp/hard/crtn.o
OUTPUT(smart_room.elf elf32-littlearm)
LOAD linker stubs
LOAD /Applications/STM32CubeIDE.app/Contents/Eclipse/plugins/com.st.stm32cube.ide.mcu.externaltools.gnu-tools-for-stm32.9-2020-q2-update.macos64_2.0.0.202105311346/tools/bin/../lib/gcc/arm-none-eabi/9.3.1/../../../../arm-none-eabi/lib/thumb/v7e-m+fp/hard/libc.a
LOAD /Applications/STM32CubeIDE.app/Contents/Eclipse/plugins/com.st.stm32cube.ide.mcu.externaltools.gnu-tools-for-stm32.9-2020-q2-update.macos64_2.0.0.202105311346/tools/bin/../lib/gcc/arm-none-eabi/9.3.1/../../../../arm-none-eabi/lib/thumb/v7e-m+fp/hard/libm.a
LOAD /Applications/STM32CubeIDE.app/Contents/Eclipse/plugins/com.st.stm32cube.ide.mcu.externaltools.gnu-tools-for-stm32.9-2020-q2-update.macos64_2.0.0.202105311346/tools/bin/../lib/gcc/arm-none-eabi/9.3.1/thumb/v7e-m+fp/hard/libgcc.a

.debug_info     0x0000000000000000    0x20552
 .debug_info    0x0000000000000000      0xd8c ./Core/Src/freertos.o
 .debug_info    0x0000000000000d8c     0x30e6 ./Core/Src/main.o
 .debug_info    0x0000000000003e72     0x1663 ./Core/Src/stm32l4xx_hal_msp.o
 .debug_info    0x00000000000054d5      0xe29 ./Core/Src/stm32l4xx_hal_timebase_tim.o
 .debug_info    0x00000000000062fe      0x98b ./Core/Src/stm32l4xx_it.o
 .debug_info    0x0000000000006c89      0xa25 ./Core/Src/sysmem.o
 .debug_info    0x00000000000076ae      0x779 ./Core/Src/system_stm32l4xx.o
 .debug_info    0x0000000000007e27       0x22 ./Core/Startup/startup_stm32l476rgtx.o
 .debug_info    0x0000000000007e49      0xddb ./Drivers/STM32L4xx_HAL_Driver/Src/stm32l4xx_hal.o
 .debug_info    0x0000000000008c24     0x1f9e ./Drivers/STM32L4xx_HAL_Driver/Src/stm32l4xx_hal_adc.o
 .debug_info    0x000000000000abc2     0x1d10 ./Drivers/STM32L4xx_HAL_Driver/Src/stm32l4xx_hal_adc_ex.o
 .debug_info    0x000000000000c8d2     0x102e ./Drivers/STM32L4xx_HAL_Driver/Src/stm32l4xx_hal_cortex.o
 .debug_info    0x000000000000d900      0xa5f ./Drivers/STM32L4xx_HAL_Driver/Src/stm32l4xx_hal_gpio.o
 .debug_info    0x000000000000e35f      0xbda ./Drivers/STM32L4xx_HAL_Driver/Src/stm32l4xx_hal_pwr_ex.o
 .debug_info    0x000000000000ef39      0xe0b ./Drivers/STM32L4xx_HAL_Driver/Src/stm32l4xx_hal_rcc.o
 .debug_info    0x000000000000fd44     0x103f ./Drivers/STM32L4xx_HAL_Driver/Src/stm32l4xx_hal_rcc_ex.o
 .debug_info    0x0000000000010d83     0x2cb9 ./Drivers/STM32L4xx_HAL_Driver/Src/stm32l4xx_hal_tim.o
 .debug_info    0x0000000000013a3c     0x1813 ./Drivers/STM32L4xx_HAL_Driver/Src/stm32l4xx_hal_tim_ex.o
 .debug_info    0x000000000001524f      0xc2d ./Drivers/STM32L4xx_HAL_Driver/Src/stm32l4xx_ll_gpio.o
 .debug_info    0x0000000000015e7c     0x106e ./Drivers/STM32L4xx_HAL_Driver/Src/stm32l4xx_ll_rcc.o
 .debug_info    0x0000000000016eea      0x9fb ./Drivers/STM32L4xx_HAL_Driver/Src/stm32l4xx_ll_usart.o
 .debug_info    0x00000000000178e5     0x204a ./Middlewares/Third_Party/FreeRTOS/Source/CMSIS_RTOS/cmsis_os.o
 .debug_info    0x000000000001992f      0xb82 ./Middlewares/Third_Party/FreeRTOS/Source/list.o
 .debug_info    0x000000000001a4b1     0x1ffc ./Middlewares/Third_Party/FreeRTOS/Source/queue.o
 .debug_info    0x000000000001c4ad     0x2591 ./Middlewares/Third_Party/FreeRTOS/Source/tasks.o
 .debug_info    0x000000000001ea3e      0xd8a ./Middlewares/Third_Party/FreeRTOS/Source/portable/GCC/ARM_CM4F/port.o
 .debug_info    0x000000000001f7c8      0xd8a ./Middlewares/Third_Party/FreeRTOS/Source/portable/MemMang/heap_4.o

.debug_abbrev   0x0000000000000000     0x3f21
 .debug_abbrev  0x0000000000000000      0x1db ./Core/Src/freertos.o
 .debug_abbrev  0x00000000000001db      0x3d1 ./Core/Src/main.o
 .debug_abbrev  0x00000000000005ac      0x1c8 ./Core/Src/stm32l4xx_hal_msp.o
 .debug_abbrev  0x0000000000000774      0x1bf ./Core/Src/stm32l4xx_hal_timebase_tim.o
 .debug_abbrev  0x0000000000000933      0x187 ./Core/Src/stm32l4xx_it.o
 .debug_abbrev  0x0000000000000aba      0x1bf ./Core/Src/sysmem.o
 .debug_abbrev  0x0000000000000c79      0x165 ./Core/Src/system_stm32l4xx.o
 .debug_abbrev  0x0000000000000dde       0x12 ./Core/Startup/startup_stm32l476rgtx.o
 .debug_abbrev  0x0000000000000df0      0x227 ./Drivers/STM32L4xx_HAL_Driver/Src/stm32l4xx_hal.o
 .debug_abbrev  0x0000000000001017      0x288 ./Drivers/STM32L4xx_HAL_Driver/Src/stm32l4xx_hal_adc.o
 .debug_abbrev  0x000000000000129f      0x2ac ./Drivers/STM32L4xx_HAL_Driver/Src/stm32l4xx_hal_adc_ex.o
 .debug_abbrev  0x000000000000154b      0x33c ./Drivers/STM32L4xx_HAL_Driver/Src/stm32l4xx_hal_cortex.o
 .debug_abbrev  0x0000000000001887      0x1e8 ./Drivers/STM32L4xx_HAL_Driver/Src/stm32l4xx_hal_gpio.o
 .debug_abbrev  0x0000000000001a6f      0x1f3 ./Drivers/STM32L4xx_HAL_Driver/Src/stm32l4xx_hal_pwr_ex.o
 .debug_abbrev  0x0000000000001c62      0x275 ./Drivers/STM32L4xx_HAL_Driver/Src/stm32l4xx_hal_rcc.o
 .debug_abbrev  0x0000000000001ed7      0x268 ./Drivers/STM32L4xx_HAL_Driver/Src/stm32l4xx_hal_rcc_ex.o
 .debug_abbrev  0x000000000000213f      0x25e ./Drivers/STM32L4xx_HAL_Driver/Src/stm32l4xx_hal_tim.o