core_cm4.h:1667:26:__NVIC_GetPriorityGrouping	4	static
core_cm4.h:1679:22:__NVIC_EnableIRQ	16	static,ignoring_inline_asm
core_cm4.h:1809:22:__NVIC_SetPriority	16	static
core_cm4.h:1856:26:NVIC_EncodePriority	40	static
stm32l4xx_ll_usart.h:675:22:LL_USART_Enable	16	static
stm32l4xx_ll_usart.h:2787:22:LL_USART_ConfigAsyncMode	16	static
stm32l4xx_ll_usart.h:3118:26:LL_USART_IsActiveFlag_RXNE	16	static
stm32l4xx_ll_usart.h:3159:26:LL_USART_IsActiveFlag_TXE	16	static
stm32l4xx_ll_usart.h:3645:22:LL_USART_EnableIT_RXNE	16	static
stm32l4xx_ll_usart.h:3686:22:LL_USART_EnableIT_TXE	16	static
stm32l4xx_ll_usart.h:3940:22:LL_USART_DisableIT_TXE	16	static
stm32l4xx_ll_usart.h:4521:25:LL_USART_ReceiveData8	16	static
stm32l4xx_ll_usart.h:4544:22:LL_USART_TransmitData8	16	static
stm32l4xx_ll_bus.h:565:22:LL_AHB2_GRP1_EnableClock	24	static
stm32l4xx_ll_bus.h:1089:22:LL_APB1_GRP1_EnableClock	24	static
stm32l4xx_ll_bus.h:1675:22:LL_APB2_GRP1_EnableClock	24	static
main.c:87:6:sendchar	16	static
main.c:98:6:sendString	16	static
main.c:105:6:readchar	24	static
main.c:114:6:cli	32	static
main.c:150:6:changeLedState	16	static
main.c:154:8:readVoltage	8	static
main.c:160:6:changeDoorState	16	static
main.c:176:6:USART_2_IRQHandler	24	static,ignoring_inline_asm
main.c:212:6:USART_1_IRQHandler	24	static,ignoring_inline_asm
main.c:253:5:main	56	static
main.c:350:6:SystemClock_Config	96	static
main.c:398:13:MX_ADC1_Init	48	static
main.c:462:13:MX_TIM2_Init	40	static
main.c:507:13:MX_TIM3_Init	64	static
main.c:566:13:MX_USART1_UART_Init	200	static
main.c:635:13:MX_USART2_UART_Init	200	static
main.c:704:13:MX_GPIO_Init	48	static
main.c:743:6:StartDefaultTask	16	static
main.c:762:6:HAL_TIM_PeriodElapsedCallback	16	static
main.c:779:6:Error_Handler	4	static,ignoring_inline_asm
